Component: ARM Compiler 5.06 update 7 (build 960) Tool: armlink [4d3601]

==============================================================================

Section Cross References

    startup_stm32f103xe.o(STACK) refers (Special) to heapauxi.o(.text) for __use_two_region_memory
    startup_stm32f103xe.o(HEAP) refers (Special) to heapauxi.o(.text) for __use_two_region_memory
    startup_stm32f103xe.o(RESET) refers (Special) to heapauxi.o(.text) for __use_two_region_memory
    startup_stm32f103xe.o(RESET) refers to startup_stm32f103xe.o(STACK) for __initial_sp
    startup_stm32f103xe.o(RESET) refers to startup_stm32f103xe.o(.text) for Reset_Handler
    startup_stm32f103xe.o(RESET) refers to stm32f1xx_it.o(i.NMI_Handler) for NMI_Handler
    startup_stm32f103xe.o(RESET) refers to stm32f1xx_it.o(i.HardFault_Handler) for HardFault_Handler
    startup_stm32f103xe.o(RESET) refers to stm32f1xx_it.o(i.MemManage_Handler) for MemManage_Handler
    startup_stm32f103xe.o(RESET) refers to stm32f1xx_it.o(i.BusFault_Handler) for BusFault_Handler
    startup_stm32f103xe.o(RESET) refers to stm32f1xx_it.o(i.UsageFault_Handler) for UsageFault_Handler
    startup_stm32f103xe.o(RESET) refers to stm32f1xx_it.o(i.SVC_Handler) for SVC_Handler
    startup_stm32f103xe.o(RESET) refers to stm32f1xx_it.o(i.DebugMon_Handler) for DebugMon_Handler
    startup_stm32f103xe.o(RESET) refers to stm32f1xx_it.o(i.PendSV_Handler) for PendSV_Handler
    startup_stm32f103xe.o(RESET) refers to stm32f1xx_it.o(i.SysTick_Handler) for SysTick_Handler
    startup_stm32f103xe.o(.text) refers (Special) to heapauxi.o(.text) for __use_two_region_memory
    startup_stm32f103xe.o(.text) refers to system_stm32f1xx.o(i.SystemInit) for SystemInit
    startup_stm32f103xe.o(.text) refers to __main.o(!!!main) for __main
    startup_stm32f103xe.o(.text) refers to startup_stm32f103xe.o(HEAP) for Heap_Mem
    startup_stm32f103xe.o(.text) refers to startup_stm32f103xe.o(STACK) for Stack_Mem
    motor.o(i.Motor_ApplyDeadZone) refers to motor.o(i.Motor_LimitDuty) for Motor_LimitDuty
    motor.o(i.Motor_Brake) refers to motor.o(i.Motor_DutyToCompare) for Motor_DutyToCompare
    motor.o(i.Motor_Brake) refers to tim.o(.bss) for htim3
    motor.o(i.Motor_DutyToCompare) refers to tim.o(.bss) for htim3
    motor.o(i.Motor_Init) refers to motor.o(i.Motor_Stop) for Motor_Stop
    motor.o(i.Motor_Init) refers to motor.o(i.Motor_StartChannel) for Motor_StartChannel
    motor.o(i.Motor_SetDuty) refers to motor.o(i.Motor_LimitDuty) for Motor_LimitDuty
    motor.o(i.Motor_SetDuty) refers to motor.o(i.Motor_DutyToCompare) for Motor_DutyToCompare
    motor.o(i.Motor_SetDuty) refers to tim.o(.bss) for htim3
    motor.o(i.Motor_SetDutyWithDeadZone) refers to motor.o(i.Motor_ApplyDeadZone) for Motor_ApplyDeadZone
    motor.o(i.Motor_SetDutyWithDeadZone) refers to motor.o(i.Motor_SetDuty) for Motor_SetDuty
    motor.o(i.Motor_StartChannel) refers to stm32f1xx_hal_tim.o(i.HAL_TIM_PWM_Start) for HAL_TIM_PWM_Start
    motor.o(i.Motor_StartChannel) refers to tim.o(.bss) for htim3
    motor.o(i.Motor_Stop) refers to tim.o(.bss) for htim3
    mpu_app.o(i.MpuApp_AngleToFixed2) refers to fmul.o(x$fpl$fmul) for __aeabi_fmul
    mpu_app.o(i.MpuApp_AngleToFixed2) refers to faddsub_clz.o(x$fpl$fadd) for __aeabi_fadd
    mpu_app.o(i.MpuApp_AngleToFixed2) refers to faddsub_clz.o(x$fpl$fsub) for __aeabi_fsub
    mpu_app.o(i.MpuApp_AngleToFixed2) refers to ffix.o(x$fpl$ffix) for __aeabi_f2iz
    mpu_app.o(i.MpuApp_Init) refers to stm32_i2c.o(i.i2cInit) for i2cInit
    mpu_app.o(i.MpuApp_Init) refers to stm32f1xx_hal.o(i.HAL_Delay) for HAL_Delay
    mpu_app.o(i.MpuApp_Init) refers to mpu6050.o(i.MPU_init) for MPU_init
    mpu_app.o(i.MpuApp_Init) refers to noretval__2printf.o(.text) for __2printf
    mpu_app.o(i.MpuApp_Init) refers to mpu_app.o(.data) for .data
    mpu_app.o(i.MpuApp_PrintFixed2) refers to _printf_pad.o(.text) for _printf_pre_padding
    mpu_app.o(i.MpuApp_PrintFixed2) refers to _printf_percent.o(.ARM.Collect$$_printf_percent$$00000000) for _printf_percent
    mpu_app.o(i.MpuApp_PrintFixed2) refers to _printf_d.o(.ARM.Collect$$_printf_percent$$00000009) for _printf_d
    mpu_app.o(i.MpuApp_PrintFixed2) refers to _printf_dec.o(.text) for _printf_int_dec
    mpu_app.o(i.MpuApp_PrintFixed2) refers to noretval__2printf.o(.text) for __2printf
    mpu_app.o(i.MpuApp_Read) refers to mpu6050.o(i.MPU_getdata) for MPU_getdata
    mpu_app.o(i.MpuApp_Read) refers to mpu_app.o(.data) for .data
    mpu_app.o(i.MpuApp_Read) refers to mpu6050.o(.data) for fAX
    mpu_app.o(i.MpuApp_Task) refers to _printf_percent.o(.ARM.Collect$$_printf_percent$$00000000) for _printf_percent
    mpu_app.o(i.MpuApp_Task) refers to _printf_d.o(.ARM.Collect$$_printf_percent$$00000009) for _printf_d
    mpu_app.o(i.MpuApp_Task) refers to _printf_dec.o(.text) for _printf_int_dec
    mpu_app.o(i.MpuApp_Task) refers to stm32f1xx_hal.o(i.HAL_GetTick) for HAL_GetTick
[...]
    i.asin                                   0x08002640   Section        0  asin.o(i.asin)
    i.atan                                   0x080028b0   Section        0  atan.o(i.atan)
    i.atan2                                  0x08002ad0   Section        0  atan2.o(i.atan2)
    i.dmp_enable_6x_lp_quat                  0x08002c6c   Section        0  inv_mpu_dmp_motion_driver.o(i.dmp_enable_6x_lp_quat)
    i.dmp_enable_feature                     0x08002ca8   Section        0  inv_mpu_dmp_motion_driver.o(i.dmp_enable_feature)
    i.dmp_enable_gyro_cal                    0x08002e80   Section        0  inv_mpu_dmp_motion_driver.o(i.dmp_enable_gyro_cal)
    i.dmp_enable_lp_quat                     0x08002ebc   Section        0  inv_mpu_dmp_motion_driver.o(i.dmp_enable_lp_quat)
    i.dmp_load_motion_driver_firmware        0x08002ef8   Section        0  inv_mpu_dmp_motion_driver.o(i.dmp_load_motion_driver_firmware)
    i.dmp_read_fifo                          0x08002f0c   Section        0  inv_mpu_dmp_motion_driver.o(i.dmp_read_fifo)
    i.dmp_set_accel_bias                     0x0800306c   Section        0  inv_mpu_dmp_motion_driver.o(i.dmp_set_accel_bias)
    i.dmp_set_fifo_rate                      0x08003144   Section        0  inv_mpu_dmp_motion_driver.o(i.dmp_set_fifo_rate)
    i.dmp_set_gyro_bias                      0x080031a8   Section        0  inv_mpu_dmp_motion_driver.o(i.dmp_set_gyro_bias)
    i.dmp_set_orientation                    0x08003274   Section        0  inv_mpu_dmp_motion_driver.o(i.dmp_set_orientation)
    i.dmp_set_shake_reject_thresh            0x08003380   Section        0  inv_mpu_dmp_motion_driver.o(i.dmp_set_shake_reject_thresh)
    i.dmp_set_shake_reject_time              0x080033b0   Section        0  inv_mpu_dmp_motion_driver.o(i.dmp_set_shake_reject_time)
    i.dmp_set_shake_reject_timeout           0x080033d0   Section        0  inv_mpu_dmp_motion_driver.o(i.dmp_set_shake_reject_timeout)
    i.dmp_set_tap_axes                       0x080033f0   Section        0  inv_mpu_dmp_motion_driver.o(i.dmp_set_tap_axes)
    i.dmp_set_tap_count                      0x08003430   Section        0  inv_mpu_dmp_motion_driver.o(i.dmp_set_tap_count)
    i.dmp_set_tap_thresh                     0x08003454   Section        0  inv_mpu_dmp_motion_driver.o(i.dmp_set_tap_thresh)
    i.dmp_set_tap_time                       0x0800357c   Section        0  inv_mpu_dmp_motion_driver.o(i.dmp_set_tap_time)
    i.dmp_set_tap_time_multi                 0x0800359c   Section        0  inv_mpu_dmp_motion_driver.o(i.dmp_set_tap_time_multi)
    i.fputc                                  0x080035bc   Section        0  usart.o(i.fputc)
    i.get_accel_prod_shift                   0x080035dc   Section        0  inv_mpu.o(i.get_accel_prod_shift)
    get_accel_prod_shift                     0x080035dd   Thumb Code   158  inv_mpu.o(i.get_accel_prod_shift)
    i.get_st_biases                          0x08003688   Section        0  inv_mpu.o(i.get_st_biases)
    get_st_biases                            0x08003689   Thumb Code   784  inv_mpu.o(i.get_st_biases)
    i.gyro_self_test                         0x0800399c   Section        0  inv_mpu.o(i.gyro_self_test)
    gyro_self_test                           0x0800399d   Thumb Code   190  inv_mpu.o(i.gyro_self_test)
    i.i2cInit                                0x08003a70   Section        0  stm32_i2c.o(i.i2cInit)
    i.i2cRead                                0x08003aa8   Section        0  stm32_i2c.o(i.i2cRead)
    i.i2cWriteBuffer                         0x08003bb4   Section        0  stm32_i2c.o(i.i2cWriteBuffer)
    i.i2cread                                0x08003c08   Section        0  stm32_i2c.o(i.i2cread)
    i.i2cwrite                               0x08003c1a   Section        0  stm32_i2c.o(i.i2cwrite)
    i.inv_row_2_scale                        0x08003c2c   Section        0  mpu6050.o(i.inv_row_2_scale)
    inv_row_2_scale                          0x08003c2d   Thumb Code    72  mpu6050.o(i.inv_row_2_scale)
    i.main                                   0x08003c74   Section        0  main.o(i.main)
    i.mpu_configure_fifo                     0x08003ca4   Section        0  inv_mpu.o(i.mpu_configure_fifo)
    i.mpu_get_accel_fsr                      0x08003cf8   Section        0  inv_mpu.o(i.mpu_get_accel_fsr)
    i.mpu_get_accel_sens                     0x08003d34   Section        0  inv_mpu.o(i.mpu_get_accel_sens)
    i.mpu_get_gyro_fsr                       0x08003d78   Section        0  inv_mpu.o(i.mpu_get_gyro_fsr)
    i.mpu_get_gyro_sens                      0x08003dac   Section        0  inv_mpu.o(i.mpu_get_gyro_sens)
    i.mpu_get_lpf                            0x08003dec   Section        0  inv_mpu.o(i.mpu_get_lpf)
    i.mpu_get_sample_rate                    0x08003e24   Section        0  inv_mpu.o(i.mpu_get_sample_rate)
    i.mpu_init                               0x08003e40   Section        0  inv_mpu.o(i.mpu_init)
    i.mpu_load_firmware                      0x08004030   Section        0  inv_mpu.o(i.mpu_load_firmware)
    i.mpu_lp_accel_mode                      0x080040d0   Section        0  inv_mpu.o(i.mpu_lp_accel_mode)
    i.mpu_read_fifo_stream                   0x08004188   Section        0  inv_mpu.o(i.mpu_read_fifo_stream)
    i.mpu_read_mem                           0x08004218   Section        0  inv_mpu.o(i.mpu_read_mem)
    i.mpu_reset_fifo                         0x0800426c   Section        0  inv_mpu.o(i.mpu_reset_fifo)
    i.mpu_run_self_test                      0x080043cc   Section        0  inv_mpu.o(i.mpu_run_self_test)
    i.mpu_set_accel_fsr                      0x080044bc   Section        0  inv_mpu.o(i.mpu_set_accel_fsr)
    i.mpu_set_bypass                         0x08004524   Section        0  inv_mpu.o(i.mpu_set_bypass)
    i.mpu_set_dmp_state                      0x08004600   Section        0  inv_mpu.o(i.mpu_set_dmp_state)
    i.mpu_set_gyro_fsr                       0x08004678   Section        0  inv_mpu.o(i.mpu_set_gyro_fsr)
    i.mpu_set_int_latched                    0x080046e4   Section        0  inv_mpu.o(i.mpu_set_int_latched)
    i.mpu_set_lpf                            0x08004748   Section        0  inv_mpu.o(i.mpu_set_lpf)
    i.mpu_set_sample_rate                    0x080047b4   Section        0  inv_mpu.o(i.mpu_set_sample_rate)
    i.mpu_set_sensors                        0x08004834   Section        0  inv_mpu.o(i.mpu_set_sensors)
    i.mpu_write_mem                          0x080048ec   Section        0  inv_mpu.o(i.mpu_write_mem)
    i.run_self_test                          0x08004940   Section        0  mpu6050.o(i.run_self_test)
    run_self_test                            0x08004941   Thumb Code   134  mpu6050.o(i.run_self_test)
    i.set_int_enable                         0x08004a10   Section        0  inv_mpu.o(i.set_int_enable)
    set_int_enable                           0x08004a11   Thumb Code    84  inv_mpu.o(i.set_int_enable)
    i.sqrt                                   0x08004a68   Section        0  sqrt.o(i.sqrt)
    x$fpl$d2f                                0x08004ab4   Section       98  d2f.o(x$fpl$d2f)
    x$fpl$dadd                               0x08004b18   Section      336  daddsub_clz.o(x$fpl$dadd)
    _dadd1                                   0x08004b29   Thumb Code     0  daddsub_clz.o(x$fpl$dadd)
    x$fpl$dcheck1                            0x08004c68   Section       16  dcheck1.o(x$fpl$dcheck1)
    x$fpl$dcmpinf                            0x08004c78   Section       24  dcmpi.o(x$fpl$dcmpinf)
    x$fpl$ddiv                               0x08004c90   Section      688  ddiv.o(x$fpl$ddiv)
    ddiv_entry                               0x08004c97   Thumb Code     0  ddiv.o(x$fpl$ddiv)
    x$fpl$deqf                               0x08004f40   Section      120  deqf.o(x$fpl$deqf)
    x$fpl$dmul                               0x08004fb8   Section      340  dmul.o(x$fpl$dmul)
    x$fpl$dnaninf                            0x0800510c   Section      156  dnaninf.o(x$fpl$dnaninf)
    x$fpl$dretinf                            0x080051a8   Section       12  dretinf.o(x$fpl$dretinf)
    x$fpl$drsb                               0x080051b4   Section       22  daddsub_clz.o(x$fpl$drsb)
    x$fpl$dsqrt                              0x080051cc   Section      460  dsqrt_noumaal.o(x$fpl$dsqrt)
    x$fpl$dsub                               0x08005398   Section      468  daddsub_clz.o(x$fpl$dsub)
    _dsub1                                   0x080053a9   Thumb Code     0  daddsub_clz.o(x$fpl$dsub)
    x$fpl$f2d                                0x0800556c   Section       86  f2d.o(x$fpl$f2d)
    x$fpl$fadd                               0x080055c4   Section      196  faddsub_clz.o(x$fpl$fadd)
    _fadd1                                   0x080055d3   Thumb Code     0  faddsub_clz.o(x$fpl$fadd)
    x$fpl$fcheck1                            0x08005688   Section       12  fcheck1.o(x$fpl$fcheck1)
    x$fpl$fdiv                               0x08005694   Section      388  fdiv.o(x$fpl$fdiv)
    _fdiv1                                   0x08005695   Thumb Code     0  fdiv.o(x$fpl$fdiv)
    x$fpl$ffix                               0x08005818   Section       54  ffix.o(x$fpl$ffix)
    x$fpl$ffixu                              0x08005850   Section       62  ffixu.o(x$fpl$ffixu)
    x$fpl$fflt                               0x08005890   Section       48  fflt_clz.o(x$fpl$fflt)
    x$fpl$ffltu                              0x080058c0   Section       38  fflt_clz.o(x$fpl$ffltu)
    x$fpl$fmul                               0x080058e8   Section      258  fmul.o(x$fpl$fmul)
    x$fpl$fnaninf                            0x080059ea   Section      140  fnaninf.o(x$fpl$fnaninf)
    x$fpl$fretinf                            0x08005a76   Section       10  fretinf.o(x$fpl$fretinf)
    x$fpl$fsub                               0x08005a80   Section      234  faddsub_clz.o(x$fpl$fsub)
    _fsub1                                   0x08005a8f   Thumb Code     0  faddsub_clz.o(x$fpl$fsub)
    x$fpl$retnan                             0x08005b6a   Section      100  retnan.o(x$fpl$retnan)
    x$fpl$scalbn                             0x08005bce   Section       92  scalbn.o(x$fpl$scalbn)
    x$fpl$scalbnf                            0x08005c2a   Section       76  scalbnf.o(x$fpl$scalbnf)
    x$fpl$trapveneer                         0x08005c76   Section       48  trapv.o(x$fpl$trapveneer)
    .constdata                               0x08005ca6   Section       12  inv_mpu.o(.constdata)
    x$fpl$usenofp                            0x08005ca6   Section        0  usenofp.o(x$fpl$usenofp)
    .constdata                               0x08005cb2   Section       27  inv_mpu.o(.constdata)
    .constdata                               0x08005cd0   Section       40  inv_mpu.o(.constdata)
    .constdata                               0x08005cf8   Section     3062  inv_mpu_dmp_motion_driver.o(.constdata)
    dmp_memory                               0x08005cf8   Data        3062  inv_mpu_dmp_motion_driver.o(.constdata)
    .constdata                               0x080068ee   Section       18  stm32f1xx_hal_rcc.o(.constdata)
    aPredivFactorTable                       0x080068ee   Data           2  stm32f1xx_hal_rcc.o(.constdata)
    aPLLMULFactorTable                       0x080068f0   Data          16  stm32f1xx_hal_rcc.o(.constdata)
    .constdata                               0x08006900   Section       16  system_stm32f1xx.o(.constdata)
    .constdata                               0x08006910   Section        8  system_stm32f1xx.o(.constdata)
    .constdata                               0x08006918   Section       17  __printf_flags_ss_wp.o(.constdata)
    maptable                                 0x08006918   Data          17  __printf_flags_ss_wp.o(.constdata)
    .constdata                               0x08006930   Section       80  asin.o(.constdata)
    pS                                       0x08006930   Data          48  asin.o(.constdata)
    qS                                       0x08006960   Data          32  asin.o(.constdata)
    .constdata                               0x08006980   Section      152  atan.o(.constdata)
    atanhi                                   0x08006980   Data          32  atan.o(.constdata)
    atanlo                                   0x080069a0   Data          32  atan.o(.constdata)
    aTodd                                    0x080069c0   Data          40  atan.o(.constdata)
    aTeven                                   0x080069e8   Data          48  atan.o(.constdata)
    .constdata                               0x08006a18   Section        8  qnan.o(.constdata)
    .conststring                             0x08006a20   Section       77  inv_mpu.o(.conststring)
    .data                                    0x20000000   Section       12  mpu_app.o(.data)
    mpu_app_ready                            0x20000000   Data           1  mpu_app.o(.data)
    mpu_app_last_read_ms                     0x20000004   Data           4  mpu_app.o(.data)
    mpu_app_last_print_ms                    0x20000008   Data           4  mpu_app.o(.data)
    .data                                    0x2000000c   Section        4  usart.o(.data)
    .data                                    0x20000010   Section       49  mpu6050.o(.data)
    gyro_orientation                         0x20000038   Data           9  mpu6050.o(.data)
    .data                                    0x20000044   Section       44  inv_mpu.o(.data)
    st                                       0x20000044   Data          44  inv_mpu.o(.data)
    .data                                    0x20000070   Section       12  stm32f1xx_hal.o(.data)
    .data                                    0x2000007c   Section        4  system_stm32f1xx.o(.data)
    .bss                                     0x20000080   Section       72  tim.o(.bss)
    .bss                                     0x200000c8   Section       72  usart.o(.bss)
    .bss                                     0x20000110   Section       16  inv_mpu_dmp_motion_driver.o(.bss)
    dmp                                      0x20000110   Data          16  inv_mpu_dmp_motion_driver.o(.bss)
    .bss                                     0x20000120   Section       96  libspace.o(.bss)
    HEAP                                     0x20000180   Section      512  startup_stm32f103xe.o(HEAP)
    Heap_Mem                                 0x20000180   Data         512  startup_stm32f103xe.o(HEAP)
    STACK                                    0x20000380   Section     1024  startup_stm32f103xe.o(STACK)
    Stack_Mem                                0x20000380   Data        1024  startup_stm32f103xe.o(STACK)
    __initial_sp                             0x20000780   Data           0  startup_stm32f103xe.o(STACK)

    Global Symbols

    Symbol Name                              Value     Ov Type        Size  Object(Section)

    BuildAttributes$$THM_ISAv4$P$D$K$B$S$PE$A:L22UL41UL21$X:L11$S22US41US21$IEEE1$IW$USESV6$~STKCKD$USESV7$~SHL$OTIME$ROPI$IEEEX$EBA8$UX$STANDARDLIB$REQ8$PRES8$EABIv2 0x00000000   Number         0  anon$$obj.o ABSOLUTE
    __ARM_use_no_argv                        0x00000000   Number         0  main.o ABSOLUTE
    _printf_flags                            0x00000000   Number         0  printf_stubs.o ABSOLUTE
    _printf_return_value                     0x00000000   Number         0  printf_stubs.o ABSOLUTE
    _printf_sizespec                         0x00000000   Number         0  printf_stubs.o ABSOLUTE
    _printf_widthprec                        0x00000000   Number         0  printf_stubs.o ABSOLUTE
    __ARM_exceptions_init                     - Undefined Weak Reference
    __alloca_initialize                       - Undefined Weak Reference
    __arm_fini_                               - Undefined Weak Reference
    __arm_preinit_                            - Undefined Weak Reference
    __cpp_initialize__aeabi_                  - Undefined Weak Reference
    __cxa_finalize                            - Undefined Weak Reference
    __rt_locale                               - Undefined Weak Reference
    __sigvec_lookup                           - Undefined Weak Reference
    _atexit_init                              - Undefined Weak Reference
    _call_atexit_fns                          - Undefined Weak Reference
    _clock_init                               - Undefined Weak Reference
    _fp_trap_init                             - Undefined Weak Reference
    _fp_trap_shutdown                         - Undefined Weak Reference
    _get_lc_collate                           - Undefined Weak Reference
    _get_lc_ctype                             - Undefined Weak Reference
    _get_lc_monetary                          - Undefined Weak Reference
    _get_lc_numeric                           - Undefined Weak Reference
    _get_lc_time                              - Undefined Weak Reference
    _getenv_init                              - Undefined Weak Reference
    _handle_redirection                       - Undefined Weak Reference
    _init_alloc                               - Undefined Weak Reference
    _init_user_alloc                          - Undefined Weak Reference
    _initio                                   - Undefined Weak Reference
    _mutex_acquire                            - Undefined Weak Reference
    _mutex_release                            - Undefined Weak Reference
    _printf_truncate_signed                   - Undefined Weak Reference
    _printf_truncate_unsigned                 - Undefined Weak Reference
    _rand_init                                - Undefined Weak Reference
    _signal_finish                            - Undefined Weak Reference
    _signal_init                              - Undefined Weak Reference
    _terminate_alloc                          - Undefined Weak Reference
    _terminate_user_alloc                     - Undefined Weak Reference
    _terminateio                              - Undefined Weak Reference
    __Vectors_Size                           0x00000130   Number         0  startup_stm32f103xe.o ABSOLUTE
    __Vectors                                0x08000000   Data           4  startup_stm32f103xe.o(RESET)
    __Vectors_End                            0x08000130   Data           0  startup_stm32f103xe.o(RESET)
    __main                                   0x08000131   Thumb Code     8  __main.o(!!!main)
    __scatterload                            0x08000139   Thumb Code     0  __scatter.o(!!!scatter)
    __scatterload_rt2                        0x08000139   Thumb Code    44  __scatter.o(!!!scatter)
    __scatterload_rt2_thumb_only             0x08000139   Thumb Code     0  __scatter.o(!!!scatter)
    __scatterload_null                       0x08000147   Thumb Code     0  __scatter.o(!!!scatter)
    __scatterload_copy                       0x0800016d   Thumb Code    26  __scatter_copy.o(!!handler_copy)
    __scatterload_zeroinit                   0x08000189   Thumb Code    28  __scatter_zi.o(!!handler_zi)
    _printf_d                                0x080001a5   Thumb Code     0  _printf_d.o(.ARM.Collect$$_printf_percent$$00000009)
    _printf_percent                          0x080001a5   Thumb Code     0  _printf_percent.o(.ARM.Collect$$_printf_percent$$00000000)
    _printf_percent_end                      0x080001ab   Thumb Code     0  _printf_percent_end.o(.ARM.Collect$$_printf_percent$$00000017)
    __rt_lib_init                            0x080001af   Thumb Code     0  libinit.o(.ARM.Collect$$libinit$$00000000)
    __rt_lib_init_alloca_1                   0x080001b1   Thumb Code     0  libinit2.o(.ARM.Collect$$libinit$$0000002E)
    __rt_lib_init_argv_1                     0x080001b1   Thumb Code     0  libinit2.o(.ARM.Collect$$libinit$$0000002C)
    __rt_lib_init_atexit_1                   0x080001b1   Thumb Code     0  libinit2.o(.ARM.Collect$$libinit$$0000001B)
    __rt_lib_init_clock_1                    0x080001b1   Thumb Code     0  libinit2.o(.ARM.Collect$$libinit$$00000021)
    __rt_lib_init_cpp_1                      0x080001b1   Thumb Code     0  libinit2.o(.ARM.Collect$$libinit$$00000032)
    __rt_lib_init_exceptions_1               0x080001b1   Thumb Code     0  libinit2.o(.ARM.Collect$$libinit$$00000030)
    __rt_lib_init_fp_1                       0x080001b1   Thumb Code     0  libinit2.o(.ARM.Collect$$libinit$$00000002)
    __rt_lib_init_fp_trap_1                  0x080001b1   Thumb Code     0  libinit2.o(.ARM.Collect$$libinit$$0000001F)
    __rt_lib_init_getenv_1                   0x080001b1   Thumb Code     0  libinit2.o(.ARM.Collect$$libinit$$00000023)
    __rt_lib_init_heap_1                     0x080001b1   Thumb Code     0  libinit2.o(.ARM.Collect$$libinit$$0000000A)
    __rt_lib_init_lc_collate_1               0x080001b1   Thumb Code     0  libinit2.o(.ARM.Collect$$libinit$$00000011)
    __rt_lib_init_lc_ctype_1                 0x080001b1   Thumb Code     0  libinit2.o(.ARM.Collect$$libinit$$00000013)
    __rt_lib_init_lc_monetary_1              0x080001b1   Thumb Code     0  libinit2.o(.ARM.Collect$$libinit$$00000015)
    __rt_lib_init_lc_numeric_1               0x080001b1   Thumb Code     0  libinit2.o(.ARM.Collect$$libinit$$00000017)
    __rt_lib_init_lc_time_1                  0x080001b1   Thumb Code     0  libinit2.o(.ARM.Collect$$libinit$$00000019)
    __rt_lib_init_preinit_1                  0x080001b1   Thumb Code     0  libinit2.o(.ARM.Collect$$libinit$$00000004)
    __rt_lib_init_rand_1                     0x080001b1   Thumb Code     0  libinit2.o(.ARM.Collect$$libinit$$0000000E)
    __rt_lib_init_return                     0x080001b1   Thumb Code     0  libinit2.o(.ARM.Collect$$libinit$$00000033)
    __rt_lib_init_signal_1                   0x080001b1   Thumb Code     0  libinit2.o(.ARM.Collect$$libinit$$0000001D)
    __rt_lib_init_stdio_1                    0x080001b1   Thumb Code     0  libinit2.o(.ARM.Collect$$libinit$$00000025)
    __rt_lib_init_user_alloc_1               0x080001b1   Thumb Code     0  libinit2.o(.ARM.Collect$$libinit$$0000000C)
    __rt_lib_shutdown                        0x080001b3   Thumb Code     0  libshutdown.o(.ARM.Collect$$libshutdown$$00000000)
    __rt_lib_shutdown_cpp_1                  0x080001b5   Thumb Code     0  libshutdown2.o(.ARM.Collect$$libshutdown$$00000004)
    __rt_lib_shutdown_fini_1                 0x080001b5   Thumb Code     0  libshutdown2.o(.ARM.Collect$$libshutdown$$00000002)
    __rt_lib_shutdown_fp_trap_1              0x080001b5   Thumb Code     0  libshutdown2.o(.ARM.Collect$$libshutdown$$00000009)
    __rt_lib_shutdown_heap_1                 0x080001b5   Thumb Code     0  libshutdown2.o(.ARM.Collect$$libshutdown$$00000011)
    __rt_lib_shutdown_return                 0x080001b5   Thumb Code     0  libshutdown2.o(.ARM.Collect$$libshutdown$$00000012)
    __rt_lib_shutdown_signal_1               0x080001b5   Thumb Code     0  libshutdown2.o(.ARM.Collect$$libshutdown$$0000000C)
    __rt_lib_shutdown_stdio_1                0x080001b5   Thumb Code     0  libshutdown2.o(.ARM.Collect$$libshutdown$$00000006)
    __rt_lib_shutdown_user_alloc_1           0x080001b5   Thumb Code     0  libshutdown2.o(.ARM.Collect$$libshutdown$$0000000E)
    __rt_entry                               0x080001b7   Thumb Code     0  __rtentry.o(.ARM.Collect$$rtentry$$00000000)
    __rt_entry_presh_1                       0x080001b7   Thumb Code     0  __rtentry2.o(.ARM.Collect$$rtentry$$00000002)
    __rt_entry_sh                            0x080001b7   Thumb Code     0  __rtentry4.o(.ARM.Collect$$rtentry$$00000004)
    __rt_entry_li                            0x080001bd   Thumb Code     0  __rtentry2.o(.ARM.Collect$$rtentry$$0000000A)
    __rt_entry_postsh_1                      0x080001bd   Thumb Code     0  __rtentry2.o(.ARM.Collect$$rtentry$$00000009)
    __rt_entry_main                          0x080001c1   Thumb Code     0  __rtentry2.o(.ARM.Collect$$rtentry$$0000000D)
    __rt_entry_postli_1                      0x080001c1   Thumb Code     0  __rtentry2.o(.ARM.Collect$$rtentry$$0000000C)
    __rt_exit                                0x080001c9   Thumb Code     0  rtexit.o(.ARM.Collect$$rtexit$$00000000)
    __rt_exit_ls                             0x080001cb   Thumb Code     0  rtexit2.o(.ARM.Collect$$rtexit$$00000003)
    __rt_exit_prels_1                        0x080001cb   Thumb Code     0  rtexit2.o(.ARM.Collect$$rtexit$$00000002)
    __rt_exit_exit                           0x080001cf   Thumb Code     0  rtexit2.o(.ARM.Collect$$rtexit$$00000004)
    Reset_Handler                            0x080001d5   Thumb Code     8  startup_stm32f103xe.o(.text)
    ADC1_2_IRQHandler                        0x080001ef   Thumb Code     0  startup_stm32f103xe.o(.text)
    ADC3_IRQHandler                          0x080001ef   Thumb Code     0  startup_stm32f103xe.o(.text)
    CAN1_RX1_IRQHandler                      0x080001ef   Thumb Code     0  startup_stm32f103xe.o(.text)
    CAN1_SCE_IRQHandler                      0x080001ef   Thumb Code     0  startup_stm32f103xe.o(.text)
    DMA1_Channel1_IRQHandler                 0x080001ef   Thumb Code     0  startup_stm32f103xe.o(.text)
    DMA1_Channel2_IRQHandler                 0x080001ef   Thumb Code     0  startup_stm32f103xe.o(.text)
    DMA1_Channel3_IRQHandler                 0x080001ef   Thumb Code     0  startup_stm32f103xe.o(.text)
    DMA1_Channel4_IRQHandler                 0x080001ef   Thumb Code     0  startup_stm32f103xe.o(.text)
    DMA1_Channel5_IRQHandler                 0x080001ef   Thumb Code     0  startup_stm32f103xe.o(.text)
    DMA1_Channel6_IRQHandler                 0x080001ef   Thumb Code     0  startup_stm32f103xe.o(.text)
    DMA1_Channel7_IRQHandler                 0x080001ef   Thumb Code     0  startup_stm32f103xe.o(.text)
    DMA2_Channel1_IRQHandler                 0x080001ef   Thumb Code     0  startup_stm32f103xe.o(.text)
    DMA2_Channel2_IRQHandler                 0x080001ef   Thumb Code     0  startup_stm32f103xe.o(.text)
    DMA2_Channel3_IRQHandler                 0x080001ef   Thumb Code     0  startup_stm32f103xe.o(.text)
    DMA2_Channel4_5_IRQHandler               0x080001ef   Thumb Code     0  startup_stm32f103xe.o(.text)
    EXTI0_IRQHandler                         0x080001ef   Thumb Code     0  startup_stm32f103xe.o(.text)
    EXTI15_10_IRQHandler                     0x080001ef   Thumb Code     0  startup_stm32f103xe.o(.text)
    EXTI1_IRQHandler                         0x080001ef   Thumb Code     0  startup_stm32f103xe.o(.text)
    EXTI2_IRQHandler                         0x080001ef   Thumb Code     0  startup_stm32f103xe.o(.text)
    EXTI3_IRQHandler                         0x080001ef   Thumb Code     0  startup_stm32f103xe.o(.text)
    EXTI4_IRQHandler                         0x080001ef   Thumb Code     0  startup_stm32f103xe.o(.text)
    EXTI9_5_IRQHandler                       0x080001ef   Thumb Code     0  startup_stm32f103xe.o(.text)
    FLASH_IRQHandler                         0x080001ef   Thumb Code     0  startup_stm32f103xe.o(.text)
    FSMC_IRQHandler                          0x080001ef   Thumb Code     0  startup_stm32f103xe.o(.text)
    I2C1_ER_IRQHandler                       0x080001ef   Thumb Code     0  startup_stm32f103xe.o(.text)
    I2C1_EV_IRQHandler                       0x080001ef   Thumb Code     0  startup_stm32f103xe.o(.text)
    I2C2_ER_IRQHandler                       0x080001ef   Thumb Code     0  startup_stm32f103xe.o(.text)
    I2C2_EV_IRQHandler                       0x080001ef   Thumb Code     0  startup_stm32f103xe.o(.text)
    PVD_IRQHandler                           0x080001ef   Thumb Code     0  startup_stm32f103xe.o(.text)
    RCC_IRQHandler                           0x080001ef   Thumb Code     0  startup_stm32f103xe.o(.text)
    RTC_Alarm_IRQHandler                     0x080001ef   Thumb Code     0  startup_stm32f103xe.o(.text)
    RTC_IRQHandler                           0x080001ef   Thumb Code     0  startup_stm32f103xe.o(.text)
    SDIO_IRQHandler                          0x080001ef   Thumb Code     0  startup_stm32f103xe.o(.text)
    SPI1_IRQHandler                          0x080001ef   Thumb Code     0  startup_stm32f103xe.o(.text)
    SPI2_IRQHandler                          0x080001ef   Thumb Code     0  startup_stm32f103xe.o(.text)
    SPI3_IRQHandler                          0x080001ef   Thumb Code     0  startup_stm32f103xe.o(.text)
    TAMPER_IRQHandler                        0x080001ef   Thumb Code     0  startup_stm32f103xe.o(.text)
    TIM1_BRK_IRQHandler                      0x080001ef   Thumb Code     0  startup_stm32f103xe.o(.text)
    TIM1_CC_IRQHandler                       0x080001ef   Thumb Code     0  startup_stm32f103xe.o(.text)
    TIM1_TRG_COM_IRQHandler                  0x080001ef   Thumb Code     0  startup_stm32f103xe.o(.text)
    TIM1_UP_IRQHandler                       0x080001ef   Thumb Code     0  startup_stm32f103xe.o(.text)
    TIM2_IRQHandler                          0x080001ef   Thumb Code     0  startup_stm32f103xe.o(.text)
    TIM3_IRQHandler                          0x080001ef   Thumb Code     0  startup_stm32f103xe.o(.text)
    TIM4_IRQHandler                          0x080001ef   Thumb Code     0  startup_stm32f103xe.o(.text)
    TIM5_IRQHandler                          0x080001ef   Thumb Code     0  startup_stm32f103xe.o(.text)
    TIM6_IRQHandler                          0x080001ef   Thumb Code     0  startup_stm32f103xe.o(.text)
    TIM7_IRQHandler                          0x080001ef   Thumb Code     0  startup_stm32f103xe.o(.text)
    TIM8_BRK_IRQHandler                      0x080001ef   Thumb Code     0  startup_stm32f103xe.o(.text)
    TIM8_CC_IRQHandler                       0x080001ef   Thumb Code     0  startup_stm32f103xe.o(.text)
    TIM8_TRG_COM_IRQHandler                  0x080001ef   Thumb Code     0  startup_stm32f103xe.o(.text)
    TIM8_UP_IRQHandler                       0x080001ef   Thumb Code     0  startup_stm32f103xe.o(.text)
    UART4_IRQHandler                         0x080001ef   Thumb Code     0  startup_stm32f103xe.o(.text)
    UART5_IRQHandler                         0x080001ef   Thumb Code     0  startup_stm32f103xe.o(.text)
    USART1_IRQHandler                        0x080001ef   Thumb Code     0  startup_stm32f103xe.o(.text)
    USART2_IRQHandler                        0x080001ef   Thumb Code     0  startup_stm32f103xe.o(.text)
    USART3_IRQHandler                        0x080001ef   Thumb Code     0  startup_stm32f103xe.o(.text)
    USBWakeUp_IRQHandler                     0x080001ef   Thumb Code     0  startup_stm32f103xe.o(.text)
    USB_HP_CAN1_TX_IRQHandler                0x080001ef   Thumb Code     0  startup_stm32f103xe.o(.text)
    USB_LP_CAN1_RX0_IRQHandler               0x080001ef   Thumb Code     0  startup_stm32f103xe.o(.text)
    WWDG_IRQHandler                          0x080001ef   Thumb Code     0  startup_stm32f103xe.o(.text)
    __user_initial_stackheap                 0x080001f1   Thumb Code     0  startup_stm32f103xe.o(.text)
    __use_no_semihosting                     0x08000215   Thumb Code     2  use_no_semi_2.o(.text)
    __aeabi_ldivmod                          0x08000217   Thumb Code     0  llsdiv.o(.text)
    _ll_sdiv                                 0x08000217   Thumb Code    72  llsdiv.o(.text)
    __2printf                                0x08000261   Thumb Code    20  noretval__2printf.o(.text)
    _printf_pre_padding                      0x08000279   Thumb Code    44  _printf_pad.o(.text)
    _printf_post_padding                     0x080002a5   Thumb Code    34  _printf_pad.o(.text)
    _printf_int_dec                          0x080002c9   Thumb Code   104  _printf_dec.o(.text)
    __printf                                 0x08000341   Thumb Code   388  __printf_flags_ss_wp.o(.text)
    memcmp                                   0x080004c9   Thumb Code    88  memcmp.o(.text)
    __aeabi_memset                           0x08000521   Thumb Code    16  aeabi_memset.o(.text)
    __aeabi_memclr4                          0x08000531   Thumb Code     0  rt_memclr_w.o(.text)
    __aeabi_memclr8                          0x08000531   Thumb Code     0  rt_memclr_w.o(.text)
    __rt_memclr_w                            0x08000531   Thumb Code    78  rt_memclr_w.o(.text)
    _memset_w                                0x08000535   Thumb Code     0  rt_memclr_w.o(.text)
    __use_two_region_memory                  0x0800057f   Thumb Code     2  heapauxi.o(.text)
    __rt_heap_escrow$2region                 0x08000581   Thumb Code     2  heapauxi.o(.text)
    __rt_heap_expand$2region                 0x08000583   Thumb Code     2  heapauxi.o(.text)
    __I$use$semihosting                      0x08000585   Thumb Code     0  use_no_semi.o(.text)
    __use_no_semihosting_swi                 0x08000585   Thumb Code     2  use_no_semi.o(.text)
    __aeabi_uldivmod                         0x08000587   Thumb Code     0  lludivv7m.o(.text)
    _ll_udiv                                 0x08000587   Thumb Code   238  lludivv7m.o(.text)
    __read_errno                             0x08000675   Thumb Code    10  _rserrno.o(.text)
    __set_errno                              0x0800067f   Thumb Code    12  _rserrno.o(.text)
    _printf_int_common                       0x0800068b   Thumb Code   178  _printf_intcommon.o(.text)
    _printf_char_file                        0x0800073d   Thumb Code    32  _printf_char_file.o(.text)
    __aeabi_memclr                           0x08000761   Thumb Code     0  rt_memclr.o(.text)
    __rt_memclr                              0x08000761   Thumb Code    68  rt_memclr.o(.text)
    _memset                                  0x08000765   Thumb Code     0  rt_memclr.o(.text)
    __aeabi_errno_addr                       0x080007a5   Thumb Code     8  rt_errno_addr_intlibspace.o(.text)
    __errno$intlibspace                      0x080007a5   Thumb Code     0  rt_errno_addr_intlibspace.o(.text)
    __rt_errno_addr$intlibspace              0x080007a5   Thumb Code     0  rt_errno_addr_intlibspace.o(.text)
    _printf_char_common                      0x080007b7   Thumb Code    32  _printf_char_common.o(.text)
    ferror                                   0x080007dd   Thumb Code     8  ferror.o(.text)
    __user_libspace                          0x080007e5   Thumb Code     8  libspace.o(.text)
    __user_perproc_libspace                  0x080007e5   Thumb Code     0  libspace.o(.text)
    __user_perthread_libspace                0x080007e5   Thumb Code     0  libspace.o(.text)
    __user_setup_stackheap                   0x080007ed   Thumb Code    74  sys_stackheap_outer.o(.text)
    exit                                     0x08000837   Thumb Code    18  exit.o(.text)
    BusFault_Handler                         0x08000849   Thumb Code     2  stm32f1xx_it.o(i.BusFault_Handler)
    DebugMon_Handler                         0x0800084b   Thumb Code     2  stm32f1xx_it.o(i.DebugMon_Handler)
    Error_Handler                            0x0800084d   Thumb Code     4  main.o(i.Error_Handler)
    HAL_Delay                                0x08000851   Thumb Code    32  stm32f1xx_hal.o(i.HAL_Delay)
    HAL_GPIO_Init                            0x08000875   Thumb Code   462  stm32f1xx_hal_gpio.o(i.HAL_GPIO_Init)
    HAL_GPIO_ReadPin                         0x08000a6d   Thumb Code    10  stm32f1xx_hal_gpio.o(i.HAL_GPIO_ReadPin)
    HAL_GPIO_WritePin                        0x08000a77   Thumb Code    10  stm32f1xx_hal_gpio.o(i.HAL_GPIO_WritePin)
    HAL_GetTick                              0x08000a81   Thumb Code     6  stm32f1xx_hal.o(i.HAL_GetTick)
    HAL_IncTick                              0x08000a8d   Thumb Code    12  stm32f1xx_hal.o(i.HAL_IncTick)
    HAL_Init                                 0x08000a9d   Thumb Code    32  stm32f1xx_hal.o(i.HAL_Init)
    HAL_InitTick                             0x08000ac1   Thumb Code    54  stm32f1xx_hal.o(i.HAL_InitTick)
    HAL_MspInit                              0x08000b01   Thumb Code    52  stm32f1xx_hal_msp.o(i.HAL_MspInit)
    HAL_NVIC_SetPriority                     0x08000b3d   Thumb Code    60  stm32f1xx_hal_cortex.o(i.HAL_NVIC_SetPriority)
    HAL_NVIC_SetPriorityGrouping             0x08000b7d   Thumb Code    26  stm32f1xx_hal_cortex.o(i.HAL_NVIC_SetPriorityGrouping)
    HAL_RCC_ClockConfig                      0x08000ba1   Thumb Code   280  stm32f1xx_hal_rcc.o(i.HAL_RCC_ClockConfig)
    HAL_RCC_GetPCLK1Freq                     0x08000ccd   Thumb Code    20  stm32f1xx_hal_rcc.o(i.HAL_RCC_GetPCLK1Freq)
    HAL_RCC_GetPCLK2Freq                     0x08000ced   Thumb Code    20  stm32f1xx_hal_rcc.o(i.HAL_RCC_GetPCLK2Freq)
    HAL_RCC_GetSysClockFreq                  0x08000d0d   Thumb Code    58  stm32f1xx_hal_rcc.o(i.HAL_RCC_GetSysClockFreq)
    HAL_RCC_OscConfig                        0x08000d59   Thumb Code   778  stm32f1xx_hal_rcc.o(i.HAL_RCC_OscConfig)
    HAL_SYSTICK_Config                       0x08001079   Thumb Code    40  stm32f1xx_hal_cortex.o(i.HAL_SYSTICK_Config)
    HAL_TIMEx_MasterConfigSynchronization    0x080010a1   Thumb Code   104  stm32f1xx_hal_tim_ex.o(i.HAL_TIMEx_MasterConfigSynchronization)
    HAL_TIM_MspPostInit                      0x0800111d   Thumb Code    94  tim.o(i.HAL_TIM_MspPostInit)
    HAL_TIM_PWM_ConfigChannel                0x0800118d   Thumb Code   204  stm32f1xx_hal_tim.o(i.HAL_TIM_PWM_ConfigChannel)
    HAL_TIM_PWM_Init                         0x08001259   Thumb Code    90  stm32f1xx_hal_tim.o(i.HAL_TIM_PWM_Init)
    HAL_TIM_PWM_MspInit                      0x080012b5   Thumb Code    30  tim.o(i.HAL_TIM_PWM_MspInit)
    HAL_TIM_PWM_Start                        0x080012dd   Thumb Code   160  stm32f1xx_hal_tim.o(i.HAL_TIM_PWM_Start)
    HAL_UART_Init                            0x08001391   Thumb Code   100  stm32f1xx_hal_uart.o(i.HAL_UART_Init)
    HAL_UART_MspInit                         0x080013f5   Thumb Code   100  usart.o(i.HAL_UART_MspInit)
    HAL_UART_Transmit                        0x08001465   Thumb Code   160  stm32f1xx_hal_uart.o(i.HAL_UART_Transmit)
    HardFault_Handler                        0x08001505   Thumb Code     2  stm32f1xx_it.o(i.HardFault_Handler)
    MPU_getdata                              0x0800167d   Thumb Code   488  mpu6050.o(i.MPU_getdata)
    MPU_init                                 0x0800186d   Thumb Code   204  mpu6050.o(i.MPU_init)
    MX_GPIO_Init                             0x08001c09   Thumb Code   134  gpio.o(i.MX_GPIO_Init)
    MX_TIM3_Init                             0x08001c9d   Thumb Code   150  tim.o(i.MX_TIM3_Init)
    MX_USART1_UART_Init                      0x08001d3d   Thumb Code    48  usart.o(i.MX_USART1_UART_Init)
    MemManage_Handler                        0x08001d75   Thumb Code     2  stm32f1xx_it.o(i.MemManage_Handler)
    Motor_Init                               0x08001d99   Thumb Code    54  motor.o(i.Motor_Init)
    Motor_SetDuty                            0x08001de5   Thumb Code   112  motor.o(i.Motor_SetDuty)
    Motor_Stop                               0x08001e65   Thumb Code    22  motor.o(i.Motor_Stop)
    MpuApp_Init                              0x08001ead   Thumb Code    48  mpu_app.o(i.MpuApp_Init)
    MpuApp_Read                              0x08001f3d   Thumb Code    80  mpu_app.o(i.MpuApp_Read)
    MpuApp_Task                              0x08001fb5   Thumb Code   128  mpu_app.o(i.MpuApp_Task)
    NMI_Handler                              0x08002075   Thumb Code     2  stm32f1xx_it.o(i.NMI_Handler)
    PendSV_Handler                           0x08002077   Thumb Code     2  stm32f1xx_it.o(i.PendSV_Handler)
    SVC_Handler                              0x08002079   Thumb Code     2  stm32f1xx_it.o(i.SVC_Handler)
    SysTick_Handler                          0x0800207b   Thumb Code     4  stm32f1xx_it.o(i.SysTick_Handler)
    SystemClock_Config                       0x0800207f   Thumb Code    94  main.o(i.SystemClock_Config)
    SystemInit                               0x080020dd   Thumb Code     2  system_stm32f1xx.o(i.SystemInit)
    TIM_Base_SetConfig                       0x080020e1   Thumb Code   134  stm32f1xx_hal_tim.o(i.TIM_Base_SetConfig)
    TIM_CCxChannelCmd                        0x0800217d   Thumb Code    26  stm32f1xx_hal_tim.o(i.TIM_CCxChannelCmd)
    TIM_OC2_SetConfig                        0x080021f9   Thumb Code    98  stm32f1xx_hal_tim.o(i.TIM_OC2_SetConfig)
    UsageFault_Handler                       0x08002497   Thumb Code     2  stm32f1xx_it.o(i.UsageFault_Handler)
    __ARM_fpclassify                         0x08002499   Thumb Code    40  fpclassify.o(i.__ARM_fpclassify)
    __kernel_poly                            0x080024e1   Thumb Code   170  poly.o(i.__kernel_poly)
    __mathlib_dbl_infnan                     0x0800258b   Thumb Code     6  dunder.o(i.__mathlib_dbl_infnan)
    __mathlib_dbl_infnan2                    0x08002591   Thumb Code     4  dunder.o(i.__mathlib_dbl_infnan2)
    __mathlib_dbl_invalid                    0x08002595   Thumb Code    12  dunder.o(i.__mathlib_dbl_invalid)
    __mathlib_dbl_underflow                  0x080025a1   Thumb Code    10  dunder.o(i.__mathlib_dbl_underflow)
    _is_digit                                0x080025b1   Thumb Code    14  __printf_wp.o(i._is_digit)
    _sys_exit                                0x080025bf   Thumb Code     2  usart.o(i._sys_exit)
    asin                                     0x08002641   Thumb Code   572  asin.o(i.asin)
    atan                                     0x080028b1   Thumb Code   474  atan.o(i.atan)
    atan2                                    0x08002ad1   Thumb Code   374  atan2.o(i.atan2)
    dmp_enable_6x_lp_quat                    0x08002c6d   Thumb Code    58  inv_mpu_dmp_motion_driver.o(i.dmp_enable_6x_lp_quat)
    dmp_enable_feature                       0x08002ca9   Thumb Code   464  inv_mpu_dmp_motion_driver.o(i.dmp_enable_feature)
    dmp_enable_gyro_cal                      0x08002e81   Thumb Code    34  inv_mpu_dmp_motion_driver.o(i.dmp_enable_gyro_cal)
    dmp_enable_lp_quat                       0x08002ebd   Thumb Code    58  inv_mpu_dmp_motion_driver.o(i.dmp_enable_lp_quat)
    dmp_load_motion_driver_firmware          0x08002ef9   Thumb Code    16  inv_mpu_dmp_motion_driver.o(i.dmp_load_motion_driver_firmware)
    dmp_read_fifo                            0x08002f0d   Thumb Code   346  inv_mpu_dmp_motion_driver.o(i.dmp_read_fifo)
    dmp_set_accel_bias                       0x0800306d   Thumb Code   210  inv_mpu_dmp_motion_driver.o(i.dmp_set_accel_bias)
    dmp_set_fifo_rate                        0x08003145   Thumb Code    82  inv_mpu_dmp_motion_driver.o(i.dmp_set_fifo_rate)
    dmp_set_gyro_bias                        0x080031a9   Thumb Code   196  inv_mpu_dmp_motion_driver.o(i.dmp_set_gyro_bias)
    dmp_set_orientation                      0x08003275   Thumb Code   246  inv_mpu_dmp_motion_driver.o(i.dmp_set_orientation)
    dmp_set_shake_reject_thresh              0x08003381   Thumb Code    48  inv_mpu_dmp_motion_driver.o(i.dmp_set_shake_reject_thresh)
    dmp_set_shake_reject_time                0x080033b1   Thumb Code    32  inv_mpu_dmp_motion_driver.o(i.dmp_set_shake_reject_time)
    dmp_set_shake_reject_timeout             0x080033d1   Thumb Code    32  inv_mpu_dmp_motion_driver.o(i.dmp_set_shake_reject_timeout)
    dmp_set_tap_axes                         0x080033f1   Thumb Code    64  inv_mpu_dmp_motion_driver.o(i.dmp_set_tap_axes)
    dmp_set_tap_count                        0x08003431   Thumb Code    34  inv_mpu_dmp_motion_driver.o(i.dmp_set_tap_count)
    dmp_set_tap_thresh                       0x08003455   Thumb Code   274  inv_mpu_dmp_motion_driver.o(i.dmp_set_tap_thresh)
    dmp_set_tap_time                         0x0800357d   Thumb Code    32  inv_mpu_dmp_motion_driver.o(i.dmp_set_tap_time)
    dmp_set_tap_time_multi                   0x0800359d   Thumb Code    32  inv_mpu_dmp_motion_driver.o(i.dmp_set_tap_time_multi)
    fputc                                    0x080035bd   Thumb Code    26  usart.o(i.fputc)
    i2cInit                                  0x08003a71   Thumb Code    50  stm32_i2c.o(i.i2cInit)
    i2cRead                                  0x08003aa9   Thumb Code   262  stm32_i2c.o(i.i2cRead)
    i2cWriteBuffer                           0x08003bb5   Thumb Code    84  stm32_i2c.o(i.i2cWriteBuffer)
    i2cread                                  0x08003c09   Thumb Code    18  stm32_i2c.o(i.i2cread)
    i2cwrite                                 0x08003c1b   Thumb Code    18  stm32_i2c.o(i.i2cwrite)
    main                                     0x08003c75   Thumb Code    48  main.o(i.main)
    mpu_configure_fifo                       0x08003ca5   Thumb Code    78  inv_mpu.o(i.mpu_configure_fifo)
    mpu_get_accel_fsr                        0x08003cf9   Thumb Code    54  inv_mpu.o(i.mpu_get_accel_fsr)
    mpu_get_accel_sens                       0x08003d35   Thumb Code    62  inv_mpu.o(i.mpu_get_accel_sens)
    mpu_get_gyro_fsr                         0x08003d79   Thumb Code    48  inv_mpu.o(i.mpu_get_gyro_fsr)
    mpu_get_gyro_sens                        0x08003dad   Thumb Code    44  inv_mpu.o(i.mpu_get_gyro_sens)
    mpu_get_lpf                              0x08003ded   Thumb Code    52  inv_mpu.o(i.mpu_get_lpf)
    mpu_get_sample_rate                      0x08003e25   Thumb Code    22  inv_mpu.o(i.mpu_get_sample_rate)
    mpu_init                                 0x08003e41   Thumb Code   342  inv_mpu.o(i.mpu_init)
    mpu_load_firmware                        0x08004031   Thumb Code   154  inv_mpu.o(i.mpu_load_firmware)
    mpu_lp_accel_mode                        0x080040d1   Thumb Code   178  inv_mpu.o(i.mpu_lp_accel_mode)
    mpu_read_fifo_stream                     0x08004189   Thumb Code   140  inv_mpu.o(i.mpu_read_fifo_stream)
    mpu_read_mem                             0x08004219   Thumb Code    80  inv_mpu.o(i.mpu_read_mem)
    mpu_reset_fifo                           0x0800426d   Thumb Code   346  inv_mpu.o(i.mpu_reset_fifo)
    mpu_run_self_test                        0x080043cd   Thumb Code   236  inv_mpu.o(i.mpu_run_self_test)
    mpu_set_accel_fsr                        0x080044bd   Thumb Code    98  inv_mpu.o(i.mpu_set_accel_fsr)
    mpu_set_bypass                           0x08004525   Thumb Code   214  inv_mpu.o(i.mpu_set_bypass)
    mpu_set_dmp_state                        0x08004601   Thumb Code   114  inv_mpu.o(i.mpu_set_dmp_state)
    mpu_set_gyro_fsr                         0x08004679   Thumb Code   104  inv_mpu.o(i.mpu_set_gyro_fsr)
    mpu_set_int_latched                      0x080046e5   Thumb Code    94  inv_mpu.o(i.mpu_set_int_latched)
    mpu_set_lpf                              0x08004749   Thumb Code   102  inv_mpu.o(i.mpu_set_lpf)
    mpu_set_sample_rate                      0x080047b5   Thumb Code   124  inv_mpu.o(i.mpu_set_sample_rate)
    mpu_set_sensors                          0x08004835   Thumb Code   178  inv_mpu.o(i.mpu_set_sensors)
    mpu_write_mem                            0x080048ed   Thumb Code    80  inv_mpu.o(i.mpu_write_mem)
    sqrt                                     0x08004a69   Thumb Code    76  sqrt.o(i.sqrt)
    __aeabi_d2f                              0x08004ab5   Thumb Code     0  d2f.o(x$fpl$d2f)
    _d2f                                     0x08004ab5   Thumb Code    98  d2f.o(x$fpl$d2f)
    __aeabi_dadd                             0x08004b19   Thumb Code     0  daddsub_clz.o(x$fpl$dadd)
    _dadd                                    0x08004b19   Thumb Code   332  daddsub_clz.o(x$fpl$dadd)
    __fpl_dcheck_NaN1                        0x08004c69   Thumb Code    10  dcheck1.o(x$fpl$dcheck1)
    __fpl_dcmp_Inf                           0x08004c79   Thumb Code    24  dcmpi.o(x$fpl$dcmpinf)
    __aeabi_ddiv                             0x08004c91   Thumb Code     0  ddiv.o(x$fpl$ddiv)
    _ddiv                                    0x08004c91   Thumb Code   552  ddiv.o(x$fpl$ddiv)
    __aeabi_cdcmpeq                          0x08004f41   Thumb Code     0  deqf.o(x$fpl$deqf)
    _dcmpeq                                  0x08004f41   Thumb Code   120  deqf.o(x$fpl$deqf)
    __aeabi_dmul                             0x08004fb9   Thumb Code     0  dmul.o(x$fpl$dmul)
    _dmul                                    0x08004fb9   Thumb Code   332  dmul.o(x$fpl$dmul)
    __fpl_dnaninf                            0x0800510d   Thumb Code   156  dnaninf.o(x$fpl$dnaninf)
    __fpl_dretinf                            0x080051a9   Thumb Code    12  dretinf.o(x$fpl$dretinf)
    __aeabi_drsub                            0x080051b5   Thumb Code     0  daddsub_clz.o(x$fpl$drsb)
    _drsb                                    0x080051b5   Thumb Code    22  daddsub_clz.o(x$fpl$drsb)
    _dsqrt                                   0x080051cd   Thumb Code   456  dsqrt_noumaal.o(x$fpl$dsqrt)
    __aeabi_dsub                             0x08005399   Thumb Code     0  daddsub_clz.o(x$fpl$dsub)
    _dsub                                    0x08005399   Thumb Code   464  daddsub_clz.o(x$fpl$dsub)
    __aeabi_f2d                              0x0800556d   Thumb Code     0  f2d.o(x$fpl$f2d)
    _f2d                                     0x0800556d   Thumb Code    86  f2d.o(x$fpl$f2d)
    __aeabi_fadd                             0x080055c5   Thumb Code     0  faddsub_clz.o(x$fpl$fadd)
    _fadd                                    0x080055c5   Thumb Code   196  faddsub_clz.o(x$fpl$fadd)
    __fpl_fcheck_NaN1                        0x08005689   Thumb Code     6  fcheck1.o(x$fpl$fcheck1)
    __aeabi_fdiv                             0x08005695   Thumb Code     0  fdiv.o(x$fpl$fdiv)
    _fdiv                                    0x08005695   Thumb Code   384  fdiv.o(x$fpl$fdiv)
    __aeabi_f2iz                             0x08005819   Thumb Code     0  ffix.o(x$fpl$ffix)
    _ffix                                    0x08005819   Thumb Code    54  ffix.o(x$fpl$ffix)
    __aeabi_f2uiz                            0x08005851   Thumb Code     0  ffixu.o(x$fpl$ffixu)
    _ffixu                                   0x08005851   Thumb Code    62  ffixu.o(x$fpl$ffixu)
    __aeabi_i2f                              0x08005891   Thumb Code     0  fflt_clz.o(x$fpl$fflt)
    _fflt                                    0x08005891   Thumb Code    48  fflt_clz.o(x$fpl$fflt)
    __aeabi_ui2f                             0x080058c1   Thumb Code     0  fflt_clz.o(x$fpl$ffltu)
    _ffltu                                   0x080058c1   Thumb Code    38  fflt_clz.o(x$fpl$ffltu)
    __aeabi_fmul                             0x080058e9   Thumb Code     0  fmul.o(x$fpl$fmul)
    _fmul                                    0x080058e9   Thumb Code   258  fmul.o(x$fpl$fmul)
    __fpl_fnaninf                            0x080059eb   Thumb Code   140  fnaninf.o(x$fpl$fnaninf)
    __fpl_fretinf                            0x08005a77   Thumb Code    10  fretinf.o(x$fpl$fretinf)
    __aeabi_fsub                             0x08005a81   Thumb Code     0  faddsub_clz.o(x$fpl$fsub)
    _fsub                                    0x08005a81   Thumb Code   234  faddsub_clz.o(x$fpl$fsub)
    __fpl_return_NaN                         0x08005b6b   Thumb Code   100  retnan.o(x$fpl$retnan)
    __ARM_scalbn                             0x08005bcf   Thumb Code    92  scalbn.o(x$fpl$scalbn)
    __ARM_scalbnf                            0x08005c2b   Thumb Code    76  scalbnf.o(x$fpl$scalbnf)
    __fpl_cmpreturn                          0x08005c77   Thumb Code    48  trapv.o(x$fpl$trapveneer)
    __I$use$fp                               0x08005ca6   Number         0  usenofp.o(x$fpl$usenofp)
    hw                                       0x08005ca6   Data          12  inv_mpu.o(.constdata)
    reg                                      0x08005cb2   Data          27  inv_mpu.o(.constdata)
    test                                     0x08005cd0   Data          40  inv_mpu.o(.constdata)
    AHBPrescTable                            0x08006900   Data          16  system_stm32f1xx.o(.constdata)
    APBPrescTable                            0x08006910   Data           8  system_stm32f1xx.o(.constdata)
    __mathlib_zero                           0x08006a18   Data           8  qnan.o(.constdata)
    Region$$Table$$Base                      0x08006a70   Number         0  anon$$obj.o(Region$$Table)
    Region$$Table$$Limit                     0x08006a90   Number         0  anon$$obj.o(Region$$Table)
    __stdout                                 0x2000000c   Data           4  usart.o(.data)
    ax                                       0x20000010   Data           2  mpu6050.o(.data)
    ay                                       0x20000012   Data           2  mpu6050.o(.data)
    az                                       0x20000014   Data           2  mpu6050.o(.data)
    gx                                       0x20000016   Data           2  mpu6050.o(.data)
    gy                                       0x20000018   Data           2  mpu6050.o(.data)
    gz                                       0x2000001a   Data           2  mpu6050.o(.data)
    q0                                       0x2000001c   Data           4  mpu6050.o(.data)
    q1                                       0x20000020   Data           4  mpu6050.o(.data)
    q2                                       0x20000024   Data           4  mpu6050.o(.data)
    q3                                       0x20000028   Data           4  mpu6050.o(.data)
    fAX                                      0x2000002c   Data           4  mpu6050.o(.data)
    fAY                                      0x20000030   Data           4  mpu6050.o(.data)
    fAZ                                      0x20000034   Data           4  mpu6050.o(.data)
    uwTickFreq                               0x20000070   Data           1  stm32f1xx_hal.o(.data)
    uwTickPrio                               0x20000074   Data           4  stm32f1xx_hal.o(.data)
    uwTick                                   0x20000078   Data           4  stm32f1xx_hal.o(.data)
    SystemCoreClock                          0x2000007c   Data           4  system_stm32f1xx.o(.data)
    htim3                                    0x20000080   Data          72  tim.o(.bss)
    huart1                                   0x200000c8   Data          72  usart.o(.bss)
    __libspace_start                         0x20000120   Data          96  libspace.o(.bss)
    __temporary_stack_top$libspace           0x20000180   Data           0  libspace.o(.bss)



==============================================================================

Memory Map of the image

  Image Entry point : 0x08000131

  Load Region LR_IROM1 (Base: 0x08000000, Size: 0x00006b10, Max: 0x00040000, ABSOLUTE)

    Execution Region ER_IROM1 (Exec base: 0x08000000, Load base: 0x08000000, Size: 0x00006a90, Max: 0x00040000, ABSOLUTE)

    Exec Addr    Load Addr    Size         Type   Attr      Idx    E Section Name        Object

    0x08000000   0x08000000   0x00000130   Data   RO            3    RESET               startup_stm32f103xe.o
    0x08000130   0x08000130   0x00000008   Code   RO         3615  * !!!main             c_w.l(__main.o)
    0x08000138   0x08000138   0x00000034   Code   RO         3938    !!!scatter          c_w.l(__scatter.o)
    0x0800016c   0x0800016c   0x0000001a   Code   RO         3940    !!handler_copy      c_w.l(__scatter_copy.o)
    0x08000186   0x08000186   0x00000002   PAD
    0x08000188   0x08000188   0x0000001c   Code   RO         3942    !!handler_zi        c_w.l(__scatter_zi.o)
    0x080001a4   0x080001a4   0x00000000   Code   RO         3606    .ARM.Collect$$_printf_percent$$00000000  c_w.l(_printf_percent.o)
    0x080001a4   0x080001a4   0x00000006   Code   RO         3605    .ARM.Collect$$_printf_percent$$00000009  c_w.l(_printf_d.o)
    0x080001aa   0x080001aa   0x00000004   Code   RO         3696    .ARM.Collect$$_printf_percent$$00000017  c_w.l(_printf_percent_end.o)
    0x080001ae   0x080001ae   0x00000002   Code   RO         3807    .ARM.Collect$$libinit$$00000000  c_w.l(libinit.o)
    0x080001b0   0x080001b0   0x00000000   Code   RO         3817    .ARM.Collect$$libinit$$00000002  c_w.l(libinit2.o)
    0x080001b0   0x080001b0   0x00000000   Code   RO         3819    .ARM.Collect$$libinit$$00000004  c_w.l(libinit2.o)
    0x080001b0   0x080001b0   0x00000000   Code   RO         3822    .ARM.Collect$$libinit$$0000000A  c_w.l(libinit2.o)
    0x080001b0   0x080001b0   0x00000000   Code   RO         3824    .ARM.Collect$$libinit$$0000000C  c_w.l(libinit2.o)
    0x080001b0   0x080001b0   0x00000000   Code   RO         3826    .ARM.Collect$$libinit$$0000000E  c_w.l(libinit2.o)
    0x080001b0   0x080001b0   0x00000000   Code   RO         3829    .ARM.Collect$$libinit$$00000011  c_w.l(libinit2.o)
    0x080001b0   0x080001b0   0x00000000   Code   RO         3831    .ARM.Collect$$libinit$$00000013  c_w.l(libinit2.o)
    0x080001b0   0x080001b0   0x00000000   Code   RO         3833    .ARM.Collect$$libinit$$00000015  c_w.l(libinit2.o)
    0x080001b0   0x080001b0   0x00000000   Code   RO         3835    .ARM.Collect$$libinit$$00000017  c_w.l(libinit2.o)
    0x080001b0   0x080001b0   0x00000000   Code   RO         3837    .ARM.Collect$$libinit$$00000019  c_w.l(libinit2.o)
    0x080001b0   0x080001b0   0x00000000   Code   RO         3839    .ARM.Collect$$libinit$$0000001B  c_w.l(libinit2.o)
    0x080001b0   0x080001b0   0x00000000   Code   RO         3841    .ARM.Collect$$libinit$$0000001D  c_w.l(libinit2.o)
    0x080001b0   0x080001b0   0x00000000   Code   RO         3843    .ARM.Collect$$libinit$$0000001F  c_w.l(libinit2.o)
    0x080001b0   0x080001b0   0x00000000   Code   RO         3845    .ARM.Collect$$libinit$$00000021  c_w.l(libinit2.o)
    0x080001b0   0x080001b0   0x00000000   Code   RO         3847    .ARM.Collect$$libinit$$00000023  c_w.l(libinit2.o)
    0x080001b0   0x080001b0   0x00000000   Code   RO         3849    .ARM.Collect$$libinit$$00000025  c_w.l(libinit2.o)
    0x080001b0   0x080001b0   0x00000000   Code   RO         3853    .ARM.Collect$$libinit$$0000002C  c_w.l(libinit2.o)
    0x080001b0   0x080001b0   0x00000000   Code   RO         3855    .ARM.Collect$$libinit$$0000002E  c_w.l(libinit2.o)
    0x080001b0   0x080001b0   0x00000000   Code   RO         3857    .ARM.Collect$$libinit$$00000030  c_w.l(libinit2.o)
    0x080001b0   0x080001b0   0x00000000   Code   RO         3859    .ARM.Collect$$libinit$$00000032  c_w.l(libinit2.o)
    0x080001b0   0x080001b0   0x00000002   Code   RO         3860    .ARM.Collect$$libinit$$00000033  c_w.l(libinit2.o)
    0x080001b2   0x080001b2   0x00000002   Code   RO         3888    .ARM.Collect$$libshutdown$$00000000  c_w.l(libshutdown.o)
    0x080001b4   0x080001b4   0x00000000   Code   RO         3902    .ARM.Collect$$libshutdown$$00000002  c_w.l(libshutdown2.o)
    0x080001b4   0x080001b4   0x00000000   Code   RO         3904    .ARM.Collect$$libshutdown$$00000004  c_w.l(libshutdown2.o)
    0x080001b4   0x080001b4   0x00000000   Code   RO         3906    .ARM.Collect$$libshutdown$$00000006  c_w.l(libshutdown2.o)
    0x080001b4   0x080001b4   0x00000000   Code   RO         3909    .ARM.Collect$$libshutdown$$00000009  c_w.l(libshutdown2.o)
    0x080001b4   0x080001b4   0x00000000   Code   RO         3912    .ARM.Collect$$libshutdown$$0000000C  c_w.l(libshutdown2.o)
    0x080001b4   0x080001b4   0x00000000   Code   RO         3914    .ARM.Collect$$libshutdown$$0000000E  c_w.l(libshutdown2.o)
    0x080001b4   0x080001b4   0x00000000   Code   RO         3917    .ARM.Collect$$libshutdown$$00000011  c_w.l(libshutdown2.o)
    0x080001b4   0x080001b4   0x00000002   Code   RO         3918    .ARM.Collect$$libshutdown$$00000012  c_w.l(libshutdown2.o)
    0x080001b6   0x080001b6   0x00000000   Code   RO         3687    .ARM.Collect$$rtentry$$00000000  c_w.l(__rtentry.o)
    0x080001b6   0x080001b6   0x00000000   Code   RO         3752    .ARM.Collect$$rtentry$$00000002  c_w.l(__rtentry2.o)
    0x080001b6   0x080001b6   0x00000006   Code   RO         3764    .ARM.Collect$$rtentry$$00000004  c_w.l(__rtentry4.o)
    0x080001bc   0x080001bc   0x00000000   Code   RO         3754    .ARM.Collect$$rtentry$$00000009  c_w.l(__rtentry2.o)
    0x080001bc   0x080001bc   0x00000004   Code   RO         3755    .ARM.Collect$$rtentry$$0000000A  c_w.l(__rtentry2.o)
    0x080001c0   0x080001c0   0x00000000   Code   RO         3757    .ARM.Collect$$rtentry$$0000000C  c_w.l(__rtentry2.o)
    0x080001c0   0x080001c0   0x00000008   Code   RO         3758    .ARM.Collect$$rtentry$$0000000D  c_w.l(__rtentry2.o)
    0x080001c8   0x080001c8   0x00000002   Code   RO         3810    .ARM.Collect$$rtexit$$00000000  c_w.l(rtexit.o)
    0x080001ca   0x080001ca   0x00000000   Code   RO         3862    .ARM.Collect$$rtexit$$00000002  c_w.l(rtexit2.o)
    0x080001ca   0x080001ca   0x00000004   Code   RO         3863    .ARM.Collect$$rtexit$$00000003  c_w.l(rtexit2.o)
    0x080001ce   0x080001ce   0x00000006   Code   RO         3864    .ARM.Collect$$rtexit$$00000004  c_w.l(rtexit2.o)
    0x080001d4   0x080001d4   0x00000040   Code   RO            4    .text               startup_stm32f103xe.o
    0x08000214   0x08000214   0x00000002   Code   RO         3569    .text               c_w.l(use_no_semi_2.o)
    0x08000216   0x08000216   0x00000048   Code   RO         3573    .text               c_w.l(llsdiv.o)
    0x0800025e   0x0800025e   0x00000002   PAD
    0x08000260   0x08000260   0x00000018   Code   RO         3577    .text               c_w.l(noretval__2printf.o)
    0x08000278   0x08000278   0x0000004e   Code   RO         3581    .text               c_w.l(_printf_pad.o)
    0x080002c6   0x080002c6   0x00000002   PAD
    0x080002c8   0x080002c8   0x00000078   Code   RO         3583    .text               c_w.l(_printf_dec.o)
    0x08000340   0x08000340   0x00000188   Code   RO         3602    .text               c_w.l(__printf_flags_ss_wp.o)
    0x080004c8   0x080004c8   0x00000058   Code   RO         3607    .text               c_w.l(memcmp.o)
    0x08000520   0x08000520   0x00000010   Code   RO         3609    .text               c_w.l(aeabi_memset.o)
    0x08000530   0x08000530   0x0000004e   Code   RO         3611    .text               c_w.l(rt_memclr_w.o)
    0x0800057e   0x0800057e   0x00000006   Code   RO         3613    .text               c_w.l(heapauxi.o)
    0x08000584   0x08000584   0x00000002   Code   RO         3685    .text               c_w.l(use_no_semi.o)
    0x08000586   0x08000586   0x000000ee   Code   RO         3688    .text               c_w.l(lludivv7m.o)
    0x08000674   0x08000674   0x00000016   Code   RO         3690    .text               c_w.l(_rserrno.o)
    0x0800068a   0x0800068a   0x000000b2   Code   RO         3692    .text               c_w.l(_printf_intcommon.o)
    0x0800073c   0x0800073c   0x00000024   Code   RO         3694    .text               c_w.l(_printf_char_file.o)
    0x08000760   0x08000760   0x00000044   Code   RO         3697    .text               c_w.l(rt_memclr.o)
    0x080007a4   0x080007a4   0x00000008   Code   RO         3773    .text               c_w.l(rt_errno_addr_intlibspace.o)
    0x080007ac   0x080007ac   0x00000030   Code   RO         3775    .text               c_w.l(_printf_char_common.o)
    0x080007dc   0x080007dc   0x00000008   Code   RO         3777    .text               c_w.l(ferror.o)
    0x080007e4   0x080007e4   0x00000008   Code   RO         3791    .text               c_w.l(libspace.o)
    0x080007ec   0x080007ec   0x0000004a   Code   RO         3794    .text               c_w.l(sys_stackheap_outer.o)
    0x08000836   0x08000836   0x00000012   Code   RO         3800    .text               c_w.l(exit.o)
    0x08000848   0x08000848   0x00000002   Code   RO          418    i.BusFault_Handler  stm32f1xx_it.o
    0x0800084a   0x0800084a   0x00000002   Code   RO          419    i.DebugMon_Handler  stm32f1xx_it.o
    0x0800084c   0x0800084c   0x00000004   Code   RO          244    i.Error_Handler     main.o
    0x08000850   0x08000850   0x00000024   Code   RO         2199    i.HAL_Delay         stm32f1xx_hal.o
    0x08000874   0x08000874   0x000001f8   Code   RO         2509    i.HAL_GPIO_Init     stm32f1xx_hal_gpio.o
    0x08000a6c   0x08000a6c   0x0000000a   Code   RO         2511    i.HAL_GPIO_ReadPin  stm32f1xx_hal_gpio.o
    0x08000a76   0x08000a76   0x0000000a   Code   RO         2513    i.HAL_GPIO_WritePin  stm32f1xx_hal_gpio.o
    0x08000a80   0x08000a80   0x0000000c   Code   RO         2203    i.HAL_GetTick       stm32f1xx_hal.o
    0x08000a8c   0x08000a8c   0x00000010   Code   RO         2209    i.HAL_IncTick       stm32f1xx_hal.o
    0x08000a9c   0x08000a9c   0x00000024   Code   RO         2210    i.HAL_Init          stm32f1xx_hal.o
    0x08000ac0   0x08000ac0   0x00000040   Code   RO         2211    i.HAL_InitTick      stm32f1xx_hal.o
    0x08000b00   0x08000b00   0x0000003c   Code   RO          493    i.HAL_MspInit       stm32f1xx_hal_msp.o
    0x08000b3c   0x08000b3c   0x00000040   Code   RO         2675    i.HAL_NVIC_SetPriority  stm32f1xx_hal_cortex.o
    0x08000b7c   0x08000b7c   0x00000024   Code   RO         2676    i.HAL_NVIC_SetPriorityGrouping  stm32f1xx_hal_cortex.o
    0x08000ba0   0x08000ba0   0x0000012c   Code   RO         2367    i.HAL_RCC_ClockConfig  stm32f1xx_hal_rcc.o
    0x08000ccc   0x08000ccc   0x00000020   Code   RO         2374    i.HAL_RCC_GetPCLK1Freq  stm32f1xx_hal_rcc.o
    0x08000cec   0x08000cec   0x00000020   Code   RO         2375    i.HAL_RCC_GetPCLK2Freq  stm32f1xx_hal_rcc.o
    0x08000d0c   0x08000d0c   0x0000004c   Code   RO         2376    i.HAL_RCC_GetSysClockFreq  stm32f1xx_hal_rcc.o
    0x08000d58   0x08000d58   0x00000320   Code   RO         2379    i.HAL_RCC_OscConfig  stm32f1xx_hal_rcc.o
    0x08001078   0x08001078   0x00000028   Code   RO         2680    i.HAL_SYSTICK_Config  stm32f1xx_hal_cortex.o
    0x080010a0   0x080010a0   0x0000007c   Code   RO         1944    i.HAL_TIMEx_MasterConfigSynchronization  stm32f1xx_hal_tim_ex.o
    0x0800111c   0x0800111c   0x00000070   Code   RO          311    i.HAL_TIM_MspPostInit  tim.o
    0x0800118c   0x0800118c   0x000000cc   Code   RO         1293    i.HAL_TIM_PWM_ConfigChannel  stm32f1xx_hal_tim.o
    0x08001258   0x08001258   0x0000005a   Code   RO         1296    i.HAL_TIM_PWM_Init  stm32f1xx_hal_tim.o
    0x080012b2   0x080012b2   0x00000002   PAD
    0x080012b4   0x080012b4   0x00000028   Code   RO          313    i.HAL_TIM_PWM_MspInit  tim.o
    0x080012dc   0x080012dc   0x000000b4   Code   RO         1301    i.HAL_TIM_PWM_Start  stm32f1xx_hal_tim.o
    0x08001390   0x08001390   0x00000064   Code   RO         3199    i.HAL_UART_Init     stm32f1xx_hal_uart.o
    0x080013f4   0x080013f4   0x00000070   Code   RO          360    i.HAL_UART_MspInit  usart.o
    0x08001464   0x08001464   0x000000a0   Code   RO         3207    i.HAL_UART_Transmit  stm32f1xx_hal_uart.o
    0x08001504   0x08001504   0x00000002   Code   RO          420    i.HardFault_Handler  stm32f1xx_it.o
    0x08001506   0x08001506   0x00000002   PAD
    0x08001508   0x08001508   0x00000060   Code   RO          517    i.I2C_SendByte      stm32_i2c.o
    0x08001568   0x08001568   0x0000005c   Code   RO          518    i.I2C_Start         stm32_i2c.o
    0x080015c4   0x080015c4   0x0000004c   Code   RO          519    i.I2C_Stop          stm32_i2c.o
    0x08001610   0x08001610   0x0000005c   Code   RO          520    i.I2C_WaitAck       stm32_i2c.o
    0x0800166c   0x0800166c   0x0000000e   Code   RO          521    i.I2C_delay         stm32_i2c.o
    0x0800167a   0x0800167a   0x00000002   PAD
    0x0800167c   0x0800167c   0x000001f0   Code   RO          603    i.MPU_getdata       mpu6050.o
    0x0800186c   0x0800186c   0x0000039c   Code   RO          604    i.MPU_init          mpu6050.o
    0x08001c08   0x08001c08   0x00000094   Code   RO          287    i.MX_GPIO_Init      gpio.o
    0x08001c9c   0x08001c9c   0x000000a0   Code   RO          314    i.MX_TIM3_Init      tim.o
    0x08001d3c   0x08001d3c   0x00000038   Code   RO          361    i.MX_USART1_UART_Init  usart.o
    0x08001d74   0x08001d74   0x00000002   Code   RO          421    i.MemManage_Handler  stm32f1xx_it.o
    0x08001d76   0x08001d76   0x00000002   PAD
    0x08001d78   0x08001d78   0x00000020   Code   RO           15    i.Motor_DutyToCompare  motor.o
    0x08001d98   0x08001d98   0x00000036   Code   RO           16    i.Motor_Init        motor.o
    0x08001dce   0x08001dce   0x00000014   Code   RO           17    i.Motor_LimitDuty   motor.o
    0x08001de2   0x08001de2   0x00000002   PAD
    0x08001de4   0x08001de4   0x00000074   Code   RO           18    i.Motor_SetDuty     motor.o
    0x08001e58   0x08001e58   0x0000000c   Code   RO           20    i.Motor_StartChannel  motor.o
    0x08001e64   0x08001e64   0x0000001c   Code   RO           21    i.Motor_Stop        motor.o
    0x08001e80   0x08001e80   0x0000002c   Code   RO          176    i.MpuApp_AngleToFixed2  mpu_app.o
    0x08001eac   0x08001eac   0x00000058   Code   RO          177    i.MpuApp_Init       mpu_app.o
    0x08001f04   0x08001f04   0x00000038   Code   RO          178    i.MpuApp_PrintFixed2  mpu_app.o
    0x08001f3c   0x08001f3c   0x00000078   Code   RO          179    i.MpuApp_Read       mpu_app.o
    0x08001fb4   0x08001fb4   0x000000c0   Code   RO          180    i.MpuApp_Task       mpu_app.o
    0x08002074   0x08002074   0x00000002   Code   RO          422    i.NMI_Handler       stm32f1xx_it.o
    0x08002076   0x08002076   0x00000002   Code   RO          423    i.PendSV_Handler    stm32f1xx_it.o
    0x08002078   0x08002078   0x00000002   Code   RO          424    i.SVC_Handler       stm32f1xx_it.o
    0x0800207a   0x0800207a   0x00000004   Code   RO          425    i.SysTick_Handler   stm32f1xx_it.o
    0x0800207e   0x0800207e   0x0000005e   Code   RO          245    i.SystemClock_Config  main.o
    0x080020dc   0x080020dc   0x00000002   Code   RO         3533    i.SystemInit        system_stm32f1xx.o
    0x080020de   0x080020de   0x00000002   PAD
    0x080020e0   0x080020e0   0x0000009c   Code   RO         1314    i.TIM_Base_SetConfig  stm32f1xx_hal_tim.o
    0x0800217c   0x0800217c   0x0000001a   Code   RO         1315    i.TIM_CCxChannelCmd  stm32f1xx_hal_tim.o
    0x08002196   0x08002196   0x00000002   PAD
    0x08002198   0x08002198   0x00000060   Code   RO         1327    i.TIM_OC1_SetConfig  stm32f1xx_hal_tim.o
    0x080021f8   0x080021f8   0x0000006c   Code   RO         1328    i.TIM_OC2_SetConfig  stm32f1xx_hal_tim.o
    0x08002264   0x08002264   0x00000068   Code   RO         1329    i.TIM_OC3_SetConfig  stm32f1xx_hal_tim.o
    0x080022cc   0x080022cc   0x00000050   Code   RO         1330    i.TIM_OC4_SetConfig  stm32f1xx_hal_tim.o
    0x0800231c   0x0800231c   0x0000004e   Code   RO         3222    i.UART_EndRxTransfer  stm32f1xx_hal_uart.o
    0x0800236a   0x0800236a   0x00000002   PAD
    0x0800236c   0x0800236c   0x000000b8   Code   RO         3225    i.UART_SetConfig    stm32f1xx_hal_uart.o
    0x08002424   0x08002424   0x00000072   Code   RO         3228    i.UART_WaitOnFlagUntilTimeout  stm32f1xx_hal_uart.o
    0x08002496   0x08002496   0x00000002   Code   RO          426    i.UsageFault_Handler  stm32f1xx_it.o
    0x08002498   0x08002498   0x00000028   Code   RO         3738    i.__ARM_fpclassify  m_ws.l(fpclassify.o)
    0x080024c0   0x080024c0   0x00000020   Code   RO         2682    i.__NVIC_SetPriority  stm32f1xx_hal_cortex.o
    0x080024e0   0x080024e0   0x000000aa   Code   RO         3740    i.__kernel_poly     m_ws.l(poly.o)
    0x0800258a   0x0800258a   0x00000006   Code   RO         3725    i.__mathlib_dbl_infnan  m_ws.l(dunder.o)
    0x08002590   0x08002590   0x00000004   Code   RO         3726    i.__mathlib_dbl_infnan2  m_ws.l(dunder.o)
    0x08002594   0x08002594   0x0000000c   Code   RO         3727    i.__mathlib_dbl_invalid  m_ws.l(dunder.o)
    0x080025a0   0x080025a0   0x00000010   Code   RO         3730    i.__mathlib_dbl_underflow  m_ws.l(dunder.o)
    0x080025b0   0x080025b0   0x0000000e   Code   RO         3595    i._is_digit         c_w.l(__printf_wp.o)
    0x080025be   0x080025be   0x00000002   Code   RO          362    i._sys_exit         usart.o
    0x080025c0   0x080025c0   0x00000080   Code   RO          665    i.accel_self_test   inv_mpu.o
    0x08002640   0x08002640   0x00000270   Code   RO         3668    i.asin              m_ws.l(asin.o)
    0x080028b0   0x080028b0   0x00000220   Code   RO         3715    i.atan              m_ws.l(atan.o)
    0x08002ad0   0x08002ad0   0x0000019c   Code   RO         3678    i.atan2             m_ws.l(atan2.o)
    0x08002c6c   0x08002c6c   0x0000003a   Code   RO          992    i.dmp_enable_6x_lp_quat  inv_mpu_dmp_motion_driver.o
    0x08002ca6   0x08002ca6   0x00000002   PAD
    0x08002ca8   0x08002ca8   0x000001d8   Code   RO          993    i.dmp_enable_feature  inv_mpu_dmp_motion_driver.o
    0x08002e80   0x08002e80   0x0000003c   Code   RO          994    i.dmp_enable_gyro_cal  inv_mpu_dmp_motion_driver.o
    0x08002ebc   0x08002ebc   0x0000003a   Code   RO          995    i.dmp_enable_lp_quat  inv_mpu_dmp_motion_driver.o
    0x08002ef6   0x08002ef6   0x00000002   PAD
    0x08002ef8   0x08002ef8   0x00000014   Code   RO         1000    i.dmp_load_motion_driver_firmware  inv_mpu_dmp_motion_driver.o
    0x08002f0c   0x08002f0c   0x00000160   Code   RO         1001    i.dmp_read_fifo     inv_mpu_dmp_motion_driver.o
    0x0800306c   0x0800306c   0x000000d8   Code   RO         1004    i.dmp_set_accel_bias  inv_mpu_dmp_motion_driver.o
    0x08003144   0x08003144   0x00000064   Code   RO         1005    i.dmp_set_fifo_rate  inv_mpu_dmp_motion_driver.o
    0x080031a8   0x080031a8   0x000000cc   Code   RO         1006    i.dmp_set_gyro_bias  inv_mpu_dmp_motion_driver.o
    0x08003274   0x08003274   0x0000010c   Code   RO         1008    i.dmp_set_orientation  inv_mpu_dmp_motion_driver.o
    0x08003380   0x08003380   0x00000030   Code   RO         1011    i.dmp_set_shake_reject_thresh  inv_mpu_dmp_motion_driver.o
    0x080033b0   0x080033b0   0x00000020   Code   RO         1012    i.dmp_set_shake_reject_time  inv_mpu_dmp_motion_driver.o
    0x080033d0   0x080033d0   0x00000020   Code   RO         1013    i.dmp_set_shake_reject_timeout  inv_mpu_dmp_motion_driver.o
    0x080033f0   0x080033f0   0x00000040   Code   RO         1014    i.dmp_set_tap_axes  inv_mpu_dmp_motion_driver.o
    0x08003430   0x08003430   0x00000022   Code   RO         1015    i.dmp_set_tap_count  inv_mpu_dmp_motion_driver.o
    0x08003452   0x08003452   0x00000002   PAD
    0x08003454   0x08003454   0x00000128   Code   RO         1016    i.dmp_set_tap_thresh  inv_mpu_dmp_motion_driver.o
    0x0800357c   0x0800357c   0x00000020   Code   RO         1017    i.dmp_set_tap_time  inv_mpu_dmp_motion_driver.o
    0x0800359c   0x0800359c   0x00000020   Code   RO         1018    i.dmp_set_tap_time_multi  inv_mpu_dmp_motion_driver.o
    0x080035bc   0x080035bc   0x00000020   Code   RO          363    i.fputc             usart.o
    0x080035dc   0x080035dc   0x000000ac   Code   RO          668    i.get_accel_prod_shift  inv_mpu.o
    0x08003688   0x08003688   0x00000314   Code   RO          670    i.get_st_biases     inv_mpu.o
    0x0800399c   0x0800399c   0x000000d4   Code   RO          671    i.gyro_self_test    inv_mpu.o
    0x08003a70   0x08003a70   0x00000038   Code   RO          523    i.i2cInit           stm32_i2c.o
    0x08003aa8   0x08003aa8   0x0000010c   Code   RO          524    i.i2cRead           stm32_i2c.o
    0x08003bb4   0x08003bb4   0x00000054   Code   RO          526    i.i2cWriteBuffer    stm32_i2c.o
    0x08003c08   0x08003c08   0x00000012   Code   RO          527    i.i2cread           stm32_i2c.o
    0x08003c1a   0x08003c1a   0x00000012   Code   RO          528    i.i2cwrite          stm32_i2c.o
    0x08003c2c   0x08003c2c   0x00000048   Code   RO          605    i.inv_row_2_scale   mpu6050.o
    0x08003c74   0x08003c74   0x00000030   Code   RO          246    i.main              main.o
    0x08003ca4   0x08003ca4   0x00000054   Code   RO          672    i.mpu_configure_fifo  inv_mpu.o
    0x08003cf8   0x08003cf8   0x0000003c   Code   RO          673    i.mpu_get_accel_fsr  inv_mpu.o
    0x08003d34   0x08003d34   0x00000044   Code   RO          675    i.mpu_get_accel_sens  inv_mpu.o
    0x08003d78   0x08003d78   0x00000034   Code   RO          681    i.mpu_get_gyro_fsr  inv_mpu.o
    0x08003dac   0x08003dac   0x00000040   Code   RO          683    i.mpu_get_gyro_sens  inv_mpu.o
    0x08003dec   0x08003dec   0x00000038   Code   RO          685    i.mpu_get_lpf       inv_mpu.o
    0x08003e24   0x08003e24   0x0000001c   Code   RO          687    i.mpu_get_sample_rate  inv_mpu.o
    0x08003e40   0x08003e40   0x000001f0   Code   RO          690    i.mpu_init          inv_mpu.o
    0x08004030   0x08004030   0x000000a0   Code   RO          691    i.mpu_load_firmware  inv_mpu.o
    0x080040d0   0x080040d0   0x000000b8   Code   RO          692    i.mpu_lp_accel_mode  inv_mpu.o
    0x08004188   0x08004188   0x00000090   Code   RO          695    i.mpu_read_fifo_stream  inv_mpu.o
    0x08004218   0x08004218   0x00000054   Code   RO          696    i.mpu_read_mem      inv_mpu.o
    0x0800426c   0x0800426c   0x00000160   Code   RO          699    i.mpu_reset_fifo    inv_mpu.o
    0x080043cc   0x080043cc   0x000000f0   Code   RO          700    i.mpu_run_self_test  inv_mpu.o
    0x080044bc   0x080044bc   0x00000068   Code   RO          702    i.mpu_set_accel_fsr  inv_mpu.o
    0x08004524   0x08004524   0x000000dc   Code   RO          703    i.mpu_set_bypass    inv_mpu.o
    0x08004600   0x08004600   0x00000078   Code   RO          705    i.mpu_set_dmp_state  inv_mpu.o
    0x08004678   0x08004678   0x0000006c   Code   RO          706    i.mpu_set_gyro_fsr  inv_mpu.o
    0x080046e4   0x080046e4   0x00000064   Code   RO          707    i.mpu_set_int_latched  inv_mpu.o
    0x08004748   0x08004748   0x0000006c   Code   RO          709    i.mpu_set_lpf       inv_mpu.o
    0x080047b4   0x080047b4   0x00000080   Code   RO          710    i.mpu_set_sample_rate  inv_mpu.o
    0x08004834   0x08004834   0x000000b8   Code   RO          711    i.mpu_set_sensors   inv_mpu.o
    0x080048ec   0x080048ec   0x00000054   Code   RO          712    i.mpu_write_mem     inv_mpu.o
    0x08004940   0x08004940   0x000000d0   Code   RO          606    i.run_self_test     mpu6050.o
    0x08004a10   0x08004a10   0x00000058   Code   RO          713    i.set_int_enable    inv_mpu.o
    0x08004a68   0x08004a68   0x0000004c   Code   RO         3744    i.sqrt              m_ws.l(sqrt.o)
    0x08004ab4   0x08004ab4   0x00000062   Code   RO         3617    x$fpl$d2f           fz_ws.l(d2f.o)
    0x08004b16   0x08004b16   0x00000002   PAD
    0x08004b18   0x08004b18   0x00000150   Code   RO         3619    x$fpl$dadd          fz_ws.l(daddsub_clz.o)
    0x08004c68   0x08004c68   0x00000010   Code   RO         3781    x$fpl$dcheck1       fz_ws.l(dcheck1.o)
    0x08004c78   0x08004c78   0x00000018   Code   RO         3783    x$fpl$dcmpinf       fz_ws.l(dcmpi.o)
    0x08004c90   0x08004c90   0x000002b0   Code   RO         3626    x$fpl$ddiv          fz_ws.l(ddiv.o)
    0x08004f40   0x08004f40   0x00000078   Code   RO         3699    x$fpl$deqf          fz_ws.l(deqf.o)
    0x08004fb8   0x08004fb8   0x00000154   Code   RO         3635    x$fpl$dmul          fz_ws.l(dmul.o)
    0x0800510c   0x0800510c   0x0000009c   Code   RO         3701    x$fpl$dnaninf       fz_ws.l(dnaninf.o)
    0x080051a8   0x080051a8   0x0000000c   Code   RO         3703    x$fpl$dretinf       fz_ws.l(dretinf.o)
    0x080051b4   0x080051b4   0x00000016   Code   RO         3620    x$fpl$drsb          fz_ws.l(daddsub_clz.o)
    0x080051ca   0x080051ca   0x00000002   PAD
    0x080051cc   0x080051cc   0x000001cc   Code   RO         3787    x$fpl$dsqrt         fz_ws.l(dsqrt_noumaal.o)
    0x08005398   0x08005398   0x000001d4   Code   RO         3621    x$fpl$dsub          fz_ws.l(daddsub_clz.o)
    0x0800556c   0x0800556c   0x00000056   Code   RO         3637    x$fpl$f2d           fz_ws.l(f2d.o)
    0x080055c2   0x080055c2   0x00000002   PAD
    0x080055c4   0x080055c4   0x000000c4   Code   RO         3639    x$fpl$fadd          fz_ws.l(faddsub_clz.o)
    0x08005688   0x08005688   0x0000000c   Code   RO         3705    x$fpl$fcheck1       fz_ws.l(fcheck1.o)
    0x08005694   0x08005694   0x00000184   Code   RO         3646    x$fpl$fdiv          fz_ws.l(fdiv.o)
    0x08005818   0x08005818   0x00000036   Code   RO         3649    x$fpl$ffix          fz_ws.l(ffix.o)
    0x0800584e   0x0800584e   0x00000002   PAD
    0x08005850   0x08005850   0x0000003e   Code   RO         3653    x$fpl$ffixu         fz_ws.l(ffixu.o)
    0x0800588e   0x0800588e   0x00000002   PAD
    0x08005890   0x08005890   0x00000030   Code   RO         3658    x$fpl$fflt          fz_ws.l(fflt_clz.o)
    0x080058c0   0x080058c0   0x00000026   Code   RO         3657    x$fpl$ffltu         fz_ws.l(fflt_clz.o)
    0x080058e6   0x080058e6   0x00000002   PAD
    0x080058e8   0x080058e8   0x00000102   Code   RO         3663    x$fpl$fmul          fz_ws.l(fmul.o)
    0x080059ea   0x080059ea   0x0000008c   Code   RO         3707    x$fpl$fnaninf       fz_ws.l(fnaninf.o)
    0x08005a76   0x08005a76   0x0000000a   Code   RO         3709    x$fpl$fretinf       fz_ws.l(fretinf.o)
    0x08005a80   0x08005a80   0x000000ea   Code   RO         3641    x$fpl$fsub          fz_ws.l(faddsub_clz.o)
    0x08005b6a   0x08005b6a   0x00000064   Code   RO         3789    x$fpl$retnan        fz_ws.l(retnan.o)
    0x08005bce   0x08005bce   0x0000005c   Code   RO         3711    x$fpl$scalbn        fz_ws.l(scalbn.o)
    0x08005c2a   0x08005c2a   0x0000004c   Code   RO         3665    x$fpl$scalbnf       fz_ws.l(scalbnf.o)
    0x08005c76   0x08005c76   0x00000030   Code   RO         3808    x$fpl$trapveneer    fz_ws.l(trapv.o)
    0x08005ca6   0x08005ca6   0x00000000   Code   RO         3713    x$fpl$usenofp       fz_ws.l(usenofp.o)
    0x08005ca6   0x08005ca6   0x0000000c   Data   RO          714    .constdata          inv_mpu.o
    0x08005cb2   0x08005cb2   0x0000001b   Data   RO          715    .constdata          inv_mpu.o
    0x08005ccd   0x08005ccd   0x00000003   PAD
    0x08005cd0   0x08005cd0   0x00000028   Data   RO          716    .constdata          inv_mpu.o
    0x08005cf8   0x08005cf8   0x00000bf6   Data   RO         1020    .constdata          inv_mpu_dmp_motion_driver.o
    0x080068ee   0x080068ee   0x00000012   Data   RO         2380    .constdata          stm32f1xx_hal_rcc.o
    0x08006900   0x08006900   0x00000010   Data   RO         3534    .constdata          system_stm32f1xx.o
    0x08006910   0x08006910   0x00000008   Data   RO         3535    .constdata          system_stm32f1xx.o
    0x08006918   0x08006918   0x00000011   Data   RO         3603    .constdata          c_w.l(__printf_flags_ss_wp.o)
    0x08006929   0x08006929   0x00000007   PAD
    0x08006930   0x08006930   0x00000050   Data   RO         3669    .constdata          m_ws.l(asin.o)
    0x08006980   0x08006980   0x00000098   Data   RO         3716    .constdata          m_ws.l(atan.o)
    0x08006a18   0x08006a18   0x00000008   Data   RO         3742    .constdata          m_ws.l(qnan.o)
    0x08006a20   0x08006a20   0x0000004d   Data   RO          717    .conststring        inv_mpu.o
    0x08006a6d   0x08006a6d   0x00000003   PAD
    0x08006a70   0x08006a70   0x00000020   Data   RO         3936    Region$$Table       anon$$obj.o


    Execution Region RW_IRAM1 (Exec base: 0x20000000, Load base: 0x08006a90, Size: 0x00000780, Max: 0x0000c000, ABSOLUTE)

    Exec Addr    Load Addr    Size         Type   Attr      Idx    E Section Name        Object

    0x20000000   0x08006a90   0x0000000c   Data   RW          181    .data               mpu_app.o
    0x2000000c   0x08006a9c   0x00000004   Data   RW          365    .data               usart.o
    0x20000010   0x08006aa0   0x00000031   Data   RW          607    .data               mpu6050.o
    0x20000041   0x08006ad1   0x00000003   PAD
    0x20000044   0x08006ad4   0x0000002c   Data   RW          718    .data               inv_mpu.o
    0x20000070   0x08006b00   0x0000000c   Data   RW         2217    .data               stm32f1xx_hal.o
    0x2000007c   0x08006b0c   0x00000004   Data   RW         3536    .data               system_stm32f1xx.o
    0x20000080        -       0x00000048   Zero   RW          315    .bss                tim.o
    0x200000c8        -       0x00000048   Zero   RW          364    .bss                usart.o
    0x20000110        -       0x00000010   Zero   RW         1019    .bss                inv_mpu_dmp_motion_driver.o
    0x20000120        -       0x00000060   Zero   RW         3792    .bss                c_w.l(libspace.o)
    0x20000180        -       0x00000200   Zero   RW            2    HEAP                startup_stm32f103xe.o
    0x20000380        -       0x00000400   Zero   RW            1    STACK               startup_stm32f103xe.o


==============================================================================

Image component sizes


      Code (inc. data)   RO Data    RW Data    ZI Data      Debug   Object Name

       148         14          0          0          0        895   gpio.o
      4616        350        156         44          0      25149   inv_mpu.o
      2378        120       3062          0         16      18830   inv_mpu_dmp_motion_driver.o
       146          0          0          0          0       1772   main.o
       262         18          0          0          0     489174   motor.o
      1700        802          0         49          0       4153   mpu6050.o
       500        168          0         12          0       3642   mpu_app.o
        64         26        304          0       1536        784   startup_stm32f103xe.o
       814         32          0          0          0       6606   stm32_i2c.o
       164         28          0         12          0       6285   stm32f1xx_hal.o
       172         14          0          0          0      28138   stm32f1xx_hal_cortex.o
       524         42          0          0          0       3423   stm32f1xx_hal_gpio.o
        60          8          0          0          0        818   stm32f1xx_hal_msp.o
      1240         84         18          0          0       4944   stm32f1xx_hal_rcc.o
      1044         78          0          0          0       7862   stm32f1xx_hal_tim.o
       124         20          0          0          0       1300   stm32f1xx_hal_tim_ex.o
       636          6          0          0          0       4464   stm32f1xx_hal_uart.o
        20          0          0          0          0       3614   stm32f1xx_it.o
         2          0         24          4          0       1035   system_stm32f1xx.o
       312         38          0          0         72       2159   tim.o
       202         26          0          4         72       3782   usart.o

    ----------------------------------------------------------------------
     15150       1874       3602        128       1696     618829   Object Totals
         0          0         32          0          0          0   (incl. Generated)
        22          0          6          3          0          0   (incl. Padding)

    ----------------------------------------------------------------------

      Code (inc. data)   RO Data    RW Data    ZI Data      Debug   Library Member Name

         8          0          0          0          0         68   __main.o
       392          4         17          0          0         92   __printf_flags_ss_wp.o
        14          0          0          0          0         68   __printf_wp.o
         0          0          0          0          0          0   __rtentry.o
        12          0          0          0          0          0   __rtentry2.o
         6          0          0          0          0          0   __rtentry4.o
        52          8          0          0          0          0   __scatter.o
        26          0          0          0          0          0   __scatter_copy.o
        28          0          0          0          0          0   __scatter_zi.o
        48          6          0          0          0         96   _printf_char_common.o
        36          4          0          0          0         80   _printf_char_file.o
         6          0          0          0          0          0   _printf_d.o
       120         16          0          0          0         92   _printf_dec.o
       178          0          0          0          0         88   _printf_intcommon.o
        78          0          0          0          0        108   _printf_pad.o
         0          0          0          0          0          0   _printf_percent.o
         4          0          0          0          0          0   _printf_percent_end.o
        22          0          0          0          0        100   _rserrno.o
        16          0          0          0          0         68   aeabi_memset.o
        18          0          0          0          0         80   exit.o
         8          0          0          0          0         68   ferror.o
         6          0          0          0          0        152   heapauxi.o
         2          0          0          0          0          0   libinit.o
         2          0          0          0          0          0   libinit2.o
         2          0          0          0          0          0   libshutdown.o
         2          0          0          0          0          0   libshutdown2.o
         8          4          0          0         96         68   libspace.o
        72          0          0          0          0         76   llsdiv.o
       238          0          0          0          0        100   lludivv7m.o
        88          0          0          0          0         76   memcmp.o
        24          4          0          0          0         84   noretval__2printf.o
         8          4          0          0          0         68   rt_errno_addr_intlibspace.o
        68          0          0          0          0         68   rt_memclr.o
        78          0          0          0          0         80   rt_memclr_w.o
         2          0          0          0          0          0   rtexit.o
        10          0          0          0          0          0   rtexit2.o
        74          0          0          0          0         80   sys_stackheap_outer.o
         2          0          0          0          0         68   use_no_semi.o
         2          0          0          0          0         68   use_no_semi_2.o
        98          4          0          0          0         92   d2f.o
       826         16          0          0          0        348   daddsub_clz.o
        16          4          0          0          0         68   dcheck1.o
        24          0          0          0          0         68   dcmpi.o
       688        140          0          0          0        208   ddiv.o
       120          4          0          0          0         92   deqf.o
       340         12          0          0          0        104   dmul.o
       156          4          0          0          0         92   dnaninf.o
        12          0          0          0          0         68   dretinf.o
       460         56          0          0          0        120   dsqrt_noumaal.o
        86          4          0          0          0         84   f2d.o
       430          8          0          0          0        168   faddsub_clz.o
        12          4          0          0          0         68   fcheck1.o
       388         76          0          0          0         96   fdiv.o
        54          4          0          0          0         84   ffix.o
        62          4          0          0          0         84   ffixu.o
        86          0          0          0          0        136   fflt_clz.o
       258          4          0          0          0         84   fmul.o
       140          4          0          0          0         84   fnaninf.o
        10          0          0          0          0         68   fretinf.o
       100          0          0          0          0         68   retnan.o
        92          0          0          0          0         68   scalbn.o
        76          0          0          0          0         68   scalbnf.o
        48          0          0          0          0         68   trapv.o
         0          0          0          0          0          0   usenofp.o
       624         52         80          0          0        168   asin.o
       544         70        152          0          0        124   atan.o
       412         38          0          0          0        144   atan2.o
        38          6          0          0          0        272   dunder.o
        40          0          0          0          0         68   fpclassify.o
       170          0          0          0          0         96   poly.o
         0          0          8          0          0          0   qnan.o
        76          0          0          0          0         84   sqrt.o

    ----------------------------------------------------------------------
      8264        564        264          0         96       5440   Library Totals
        18          0          7          0          0          0   (incl. Padding)

    ----------------------------------------------------------------------

      Code (inc. data)   RO Data    RW Data    ZI Data      Debug   Library Name

      1760         50         17          0         96       1996   c_w.l
      4582        348          0          0          0       2488   fz_ws.l
      1904        166        240          0          0        956   m_ws.l

    ----------------------------------------------------------------------
      8264        564        264          0         96       5440   Library Totals

    ----------------------------------------------------------------------

==============================================================================


      Code (inc. data)   RO Data    RW Data    ZI Data      Debug   

     23414       2438       3866        128       1792     615061   Grand Totals
     23414       2438       3866        128       1792     615061   ELF Image Totals
     23414       2438       3866        128          0          0   ROM Totals

==============================================================================

    Total RO  Size (Code + RO Data)                27280 (  26.64kB)
    Total RW  Size (RW Data + ZI Data)              1920 (   1.88kB)
    Total ROM Size (Code + RO Data + RW Data)      27408 (  26.77kB)

==============================================================================

